Loading initial Timbre config from: :default
[:test] Compiling ...
========= Running Tests =======================

Testing dao.await-test

Testing dao.data-test

Testing dao.data.btree-async-test

Testing dao.data.btree-durability-test

Testing dao.data.btree-protocols-test

Testing dao.data.btree-test

Testing dao.data.btree-transients-test

Testing dao.gui.compiler-cljs-test

Testing dao.gui.event.arena-test

Testing dao.gui.event.bind-test
"dao.gui.event output gone; dropping pending" {:destination :gesture, :outcome :dao.stream/closed}

Testing dao.gui.event.core-test

Testing dao.gui.event.fixture-test

Testing dao.gui.event.longpress-test

Testing dao.gui.event.machine-test

Testing dao.gui.event.pan-test

Testing dao.gui.event.pointer-test

Testing dao.gui.event.policy-test

Testing dao.gui.event.terminal-test

Testing dao.gui.event.transform-test

Testing dao.jing-test

Testing dao.jing.cbor-conformance-test
CONFORMANCE node cases=372 run=366 skipped=["coll/map-both-slash-keywords" "coll/map-nan-payload-duplicate" "coll/set-nan-payload-duplicate" "coll/set-vector-list-collapse" "host/character" "host/nested-in-vector"]
CONFORMANCE-DIGEST node canonical n=208 6d1c64719d96c11f79d575bd3122ad1bba1ba9efcc56dce63b195423575cf2cb
CONFORMANCE-DIGEST node refusal n=154 1b929147af85f703c700a1f0d9cfbe74c55e5e28302a862086516fe749ec1b82

Testing dao.jing.cbor-content-equality-test

Testing dao.jing.cbor-fixtures-test

Testing dao.jing.cbor-test
SKIP node coll/map-both-slash-keywords: ClojureScript keyword equality compares the joined name, so (keyword nil "a/b") and (keyword "a" "b") are one map key: the host cannot hold this value (reported as a J1 finding)
SKIP node coll/set-vector-list-collapse: host constructor merged the members (N/A; cbor-v1.errata.md E1)
SKIP node coll/set-nan-payload-duplicate: host constructor merged the members (N/A; cbor-v1.errata.md E1)
SKIP node coll/map-nan-payload-duplicate: host constructor merged the members (N/A; cbor-v1.errata.md E1)
SKIP node host/character: ClojureScript has no character type: a char literal is a string
SKIP node host/nested-in-vector: its unsupported member is a character; ClojureScript has none

Testing dao.jing.content-test

Testing dao.jing.content.step-test

Testing dao.jing.dht-test

Testing dao.jing.dht.kad-test

Testing dao.jing.file-test

Testing dao.jing.hash-registry-contract-test

Testing dao.jing.mem-test

Testing dao.jing.stream-test

Testing dao.lease-composition-test

Testing dao.lease-test

Testing dao.postgraphics.lowering-test

Testing dao.postgraphics.math-test

Testing dao.postgraphics.packing-test

Testing dao.postgraphics.raster-test

Testing dao.postgraphics.terminal-test

Testing dao.postgraphics.web-test

Testing dao.postgraphics.web.canvas-test

Testing dao.postgraphics.web.gpu-test

Testing dao.pretty-test

Testing dao.space.index-numeric-test

Testing dao.space.index-test

Testing dao.space.positional-query-test

Testing dao.space.query-numeric-test

Testing dao.space.query-test

Testing dao.space.schema-test

Testing dao.space.transact-test

Testing dao.space.transactor-test

Testing dao.stream-test

Testing dao.stream.apply-test

Testing dao.stream.cbor-test

Testing dao.stream.forward-test

Testing dao.stream.memory-log-test

Testing dao.stream.middleware-test

Testing dao.stream.observe-test

Testing dao.stream.observer-test

Testing dao.stream.remote-meet-test

Testing dao.stream.remote-pair-test

Testing dao.stream.remote-test

Testing dao.stream.ringbuffer-test

Testing dao.stream.rpc-test

Testing dao.stream.transit-test

Testing dao.stream.udp-test

Testing dao.stream.waitset-test

Testing dao.stream.waitset.cadence-test

Testing dao.stream.waitset.driver-test

Testing dao.stream.ws-codec-test

Testing dao.stream.ws-project-cross-node-test

Testing dao.stream.ws-project-test

Testing dao.stream.ws-test

Testing dao.stream.ws.browser-test

Testing dao.stream.ws.node-test

Testing datomworld.demo.artifact-runner-test

Testing datomworld.demo.artifact-scene-test

Testing datomworld.demo.continuation-handoff-test

Testing datomworld.demo.earth-moon-scene-test

Testing datomworld.demo.responsive-test

Testing datomworld.demo.solar-system-scene-test

Testing datomworld.demo.voxel-controls-test

Testing datomworld.demo.voxel-input-test

Testing datomworld.demo.voxel-runner-test

Testing datomworld.demo.voxel-scene-test

Testing yang.clojure.stream-eval-test

Testing yin.repl-test

Testing yin.repl.adapter-test

Testing yin.repl.connect-test

Testing yin.repl.driver-test

Testing yin.repl.embed-test

Testing yin.repl.host-node-test

Testing yin.repl.index-test

Testing yin.repl.main-test

Testing yin.repl.require-test

Testing yin.repl.serve-test

Testing yin.vm-test

Testing yin.vm.ast-walker-test

Testing yin.vm.attach-image-test

Testing yin.vm.code-test

Testing yin.vm.completion-test

Testing yin.vm.debruijn-code-test

Testing yin.vm.debruijn-linearize-test

Testing yin.vm.debruijn-register-benchmark-test

[R3] de Bruijn stack VM vs register VM (informational)

[R3] tail-countdown (10 timed runs, value 0)
  stack    run=9.367ms lower=0.476ms load=0.742ms instrs=56 bytes=998 steps=10518 peak-frames=1 peak-cont=0
  register run=8.986ms lower=0.745ms load=1.656ms instrs=35 bytes=4295 steps=6012 peak-frames=1 peak-cont=0
  register/stack: run=0.959 lower=1.566 load=2.23 steps=0.571 bytes=4.303

[R3] fibonacci (10 timed runs, value 144)
  stack    run=10.987ms lower=0.765ms load=1.033ms instrs=92 bytes=1618 steps=11850 peak-frames=1 peak-cont=11
  register run=11.917ms lower=1.19ms load=2.488ms instrs=53 bytes=7059 steps=6740 peak-frames=1 peak-cont=11
  register/stack: run=1.084 lower=1.554 load=2.408 steps=0.568 bytes=4.362

[R3] lexical-binding (50 timed runs, value 36)
  stack    run=1.152ms lower=0.752ms load=1.039ms instrs=92 bytes=1541 steps=84 peak-frames=8 peak-cont=0
  register run=2.668ms lower=1.174ms load=2.702ms instrs=55 bytes=7702 steps=46 peak-frames=8 peak-cont=0
  register/stack: run=2.314 lower=1.56 load=2.6 steps=0.547 bytes=4.998

[R3] corpus: literal map (50 timed runs, value {:x 10, :y 20})
  stack    run=0.282ms lower=0.013ms load=0.266ms instrs=2 bytes=128 steps=2 peak-frames=0 peak-cont=0
  register run=0.335ms lower=0.028ms load=0.349ms instrs=2 bytes=359 steps=2 peak-frames=0 peak-cont=0
  register/stack: run=1.185 lower=2.09 load=1.312 steps=1 bytes=2.804

[R3] corpus: addition (50 timed runs, value 30)
  stack    run=0.309ms lower=0.053ms load=0.292ms instrs=8 bytes=127 steps=8 peak-frames=0 peak-cont=0
  register run=0.453ms lower=0.083ms load=0.435ms instrs=5 bytes=614 steps=5 peak-frames=0 peak-cont=0
  register/stack: run=1.465 lower=1.554 load=1.49 steps=0.625 bytes=4.834

[R3] corpus: nested application (50 timed runs, value 6)
  stack    run=0.333ms lower=0.108ms load=0.313ms instrs=14 bytes=224 steps=14 peak-frames=0 peak-cont=0
  register run=0.555ms lower=0.162ms load=0.552ms instrs=8 bytes=1019 steps=8 peak-frames=0 peak-cont=0
  register/stack: run=1.665 lower=1.496 load=1.761 steps=0.571 bytes=4.549

[R3] corpus: if true branch (50 timed runs, value 100)
  stack    run=0.326ms lower=0.104ms load=0.312ms instrs=12 bytes=219 steps=11 peak-frames=0 peak-cont=0
  register run=0.516ms lower=0.147ms load=0.525ms instrs=9 bytes=942 steps=8 peak-frames=0 peak-cont=0
  register/stack: run=1.58 lower=1.415 load=1.678 steps=0.727 bytes=4.301

[R3] corpus: if false branch (50 timed runs, value 200)
  stack    run=0.326ms lower=0.087ms load=0.32ms instrs=12 bytes=219 steps=10 peak-frames=0 peak-cont=0
  register run=0.535ms lower=0.155ms load=0.523ms instrs=9 bytes=942 steps=7 peak-frames=0 peak-cont=0
  register/stack: run=1.642 lower=1.769 load=1.631 steps=0.7 bytes=4.301

[R3] corpus: lambda application (50 timed runs, value 11)
  stack    run=0.361ms lower=0.1ms load=0.326ms instrs=14 bytes=231 steps=14 peak-frames=1 peak-cont=1
  register run=0.6ms lower=0.166ms load=0.572ms instrs=9 bytes=1167 steps=9 peak-frames=1 peak-cont=1
  register/stack: run=1.661 lower=1.65 load=1.752 steps=0.642 bytes=5.051

[R3] corpus: closure value (50 timed runs, value {:type :closure, :arity 1})
  stack    run=0.263ms lower=0.033ms load=0.25ms instrs=4 bytes=72 steps=2 peak-frames=0 peak-cont=0
  register run=0.407ms lower=0.058ms load=0.393ms instrs=4 bytes=583 steps=2 peak-frames=0 peak-cont=0
  register/stack: run=1.549 lower=1.743 load=1.57 steps=1 bytes=8.097

[R3] corpus: higher order (50 timed runs, value 15)
  stack    run=0.404ms lower=0.15ms load=0.385ms instrs=20 bytes=335 steps=20 peak-frames=1 peak-cont=2
  register run=0.75ms lower=0.235ms load=0.704ms instrs=13 bytes=1720 steps=13 peak-frames=1 peak-cont=2
  register/stack: run=1.853 lower=1.57 load=1.825 steps=0.65 bytes=5.134

[R3] corpus: collection primitives (50 timed runs, value 9)
  stack    run=0.269ms lower=0.046ms load=0.283ms instrs=6 bytes=163 steps=6 peak-frames=0 peak-cont=0
  register run=0.409ms lower=0.066ms load=0.382ms instrs=4 bytes=567 steps=4 peak-frames=0 peak-cont=0
  register/stack: run=1.521 lower=1.444 load=1.351 steps=0.666 bytes=3.478

Testing yin.vm.debruijn-register-compile-test

Testing yin.vm.debruijn-register-contract-test

Testing yin.vm.debruijn-register-effects-test

Testing yin.vm.debruijn-resolve-test

Testing yin.vm.debruijn-test

Testing yin.vm.debruijn-vm-contract-test

Testing yin.vm.debruijn.register-test

Testing yin.vm.debruijn.stack-effects-test

Testing yin.vm.debruijn.stack-parity-test

Testing yin.vm.debruijn.stack-test

Testing yin.vm.encoder-test

Testing yin.vm.engine-test

Testing yin.vm.ffi-test

Testing yin.vm.ffi.remote-serve-test

Testing yin.vm.ffi.remote-serve.responder-test

Testing yin.vm.ledger-test

Testing yin.vm.linearize-test

Testing yin.vm.linker-authority-ingestion-test

Testing yin.vm.linker-authority-test

Testing yin.vm.linker-manifest-test

Testing yin.vm.linker-require-test

Testing yin.vm.linker-step-test

Testing yin.vm.linker-test

Testing yin.vm.macro-test

Testing yin.vm.mint-test

Testing yin.vm.module-test

Testing yin.vm.parity-test

Testing yin.vm.pipeline-test

Testing yin.vm.rule-r-test

Testing yin.vm.semantic-engine-test

Testing yin.vm.semantic-ffi-test

Testing yin.vm.semantic-stream-observer-test

Testing yin.vm.semantic-test

Testing yin.vm.telemetry-test

Testing yin.vm.ucf-test

Testing yin.vm.ucf.remote-test

Ran 2236 tests containing 50422 assertions.
0 failures, 0 errors.
===============================================
[:test] Build completed. (366 files, 7 compiled, 0 warnings, 40.84s)
