Loading initial Timbre config from: :default
--- SHADOW-CLJS FAILED TO LOAD! ----------------------

This is most commonly caused by a dependency conflict.
When using deps.edn or project.clj you must ensure that all
required dependencies are provided with the correct version.

You are using shadow-cljs version: 3.3.5

The important dependencies are:

  org.clojure/clojure "1.12.0"
  org.clojure/clojurescript "1.12.134"
  com.google.javascript/closure-compiler-unshaded ""

Please verify that you are loading these versions.
You can find all required dependencies here:

  https://clojars.org/thheller/shadow-cljs/versions/3.3.5

Please refer to the Guide for more information:

  https://shadow-cljs.github.io/docs/UsersGuide.html#failed-to-load

-----------------------------------------------------

The error encountered was:

Syntax error macroexpanding at (shadow/cljs/util.clj:1:1).
	at clojure.lang.Compiler.load(Compiler.java:8235)
	at clojure.lang.RT.loadResourceScript(RT.java:401)
	at clojure.lang.RT.loadResourceScript(RT.java:392)
	at clojure.lang.RT.load(RT.java:479)
	at clojure.lang.RT.load(RT.java:444)
	at clojure.core$load$fn__6933.invoke(core.clj:6189)
	at clojure.core$load.invokeStatic(core.clj:6188)
	at clojure.core$load.doInvoke(core.clj:6172)
	at clojure.lang.RestFn.invoke(RestFn.java:411)
	at clojure.core$load_one.invokeStatic(core.clj:5961)
	at clojure.core$load_one.invoke(core.clj:5956)
	at clojure.core$load_lib$fn__6875.invoke(core.clj:6003)
	at clojure.core$load_lib.invokeStatic(core.clj:6002)
	at clojure.core$load_lib.doInvoke(core.clj:5981)
	at clojure.lang.RestFn.applyTo(RestFn.java:145)
	at clojure.core$apply.invokeStatic(core.clj:669)
	at clojure.core$load_libs.invokeStatic(core.clj:6044)
	at clojure.core$load_libs.doInvoke(core.clj:6028)
	at clojure.lang.RestFn.applyTo(RestFn.java:140)
	at clojure.core$apply.invokeStatic(core.clj:669)
	at clojure.core$require.invokeStatic(core.clj:6066)
	at clojure.core$require.doInvoke(core.clj:6066)
	at clojure.lang.RestFn.invoke(RestFn.java:554)
	at shadow.cljs.devtools.config$eval5452$loading__6814__auto____5453.invoke(config.clj:1)
	at shadow.cljs.devtools.config$eval5452.invokeStatic(config.clj:1)
	at shadow.cljs.devtools.config$eval5452.invoke(config.clj:1)
	at clojure.lang.Compiler.eval(Compiler.java:7757)
	at clojure.lang.Compiler.eval(Compiler.java:7746)
	at clojure.lang.Compiler.load(Compiler.java:8223)
	at clojure.lang.RT.loadResourceScript(RT.java:401)
	at clojure.lang.RT.loadResourceScript(RT.java:392)
	at clojure.lang.RT.load(RT.java:479)
	at clojure.lang.RT.load(RT.java:444)
	at clojure.core$load$fn__6933.invoke(core.clj:6189)
	at clojure.core$load.invokeStatic(core.clj:6188)
	at clojure.core$load.doInvoke(core.clj:6172)
	at clojure.lang.RestFn.invoke(RestFn.java:411)
	at clojure.core$load_one.invokeStatic(core.clj:5961)
	at clojure.core$load_one.invoke(core.clj:5956)
	at clojure.core$load_lib$fn__6875.invoke(core.clj:6003)
	at clojure.core$load_lib.invokeStatic(core.clj:6002)
	at clojure.core$load_lib.doInvoke(core.clj:5981)
	at clojure.lang.RestFn.applyTo(RestFn.java:145)
	at clojure.core$apply.invokeStatic(core.clj:669)
	at clojure.core$load_libs.invokeStatic(core.clj:6044)
	at clojure.core$load_libs.doInvoke(core.clj:6028)
	at clojure.lang.RestFn.applyTo(RestFn.java:140)
	at clojure.core$apply.invokeStatic(core.clj:669)
	at clojure.core$require.invokeStatic(core.clj:6066)
	at clojure.core$require.doInvoke(core.clj:6066)
	at clojure.lang.RestFn.invoke(RestFn.java:1292)
	at shadow.cljs.devtools.cli_actual$eval5434$loading__6814__auto____5435.invoke(cli_actual.clj:1)
	at shadow.cljs.devtools.cli_actual$eval5434.invokeStatic(cli_actual.clj:1)
	at shadow.cljs.devtools.cli_actual$eval5434.invoke(cli_actual.clj:1)
	at clojure.lang.Compiler.eval(Compiler.java:7757)
	at clojure.lang.Compiler.eval(Compiler.java:7746)
	at clojure.lang.Compiler.load(Compiler.java:8223)
	at clojure.lang.RT.loadResourceScript(RT.java:401)
	at clojure.lang.RT.loadResourceScript(RT.java:392)
	at clojure.lang.RT.load(RT.java:479)
	at clojure.lang.RT.load(RT.java:444)
	at clojure.core$load$fn__6933.invoke(core.clj:6189)
	at clojure.core$load.invokeStatic(core.clj:6188)
	at clojure.core$load.doInvoke(core.clj:6172)
	at clojure.lang.RestFn.invoke(RestFn.java:411)
	at clojure.core$load_one.invokeStatic(core.clj:5961)
	at clojure.core$load_one.invoke(core.clj:5956)
	at clojure.core$load_lib$fn__6875.invoke(core.clj:6003)
	at clojure.core$load_lib.invokeStatic(core.clj:6002)
	at clojure.core$load_lib.doInvoke(core.clj:5981)
	at clojure.lang.RestFn.applyTo(RestFn.java:145)
	at clojure.core$apply.invokeStatic(core.clj:669)
	at clojure.core$load_libs.invokeStatic(core.clj:6044)
	at clojure.core$load_libs.doInvoke(core.clj:6028)
	at clojure.lang.RestFn.applyTo(RestFn.java:140)
	at clojure.core$apply.invokeStatic(core.clj:669)
	at clojure.core$require.invokeStatic(core.clj:6066)
	at clojure.core$require.doInvoke(core.clj:6066)
	at clojure.lang.RestFn.applyTo(RestFn.java:140)
	at clojure.core$apply.invokeStatic(core.clj:667)
	at clojure.core$serialized_require.invokeStatic(core.clj:6142)
	at clojure.core$requiring_resolve.invokeStatic(core.clj:6151)
	at clojure.core$requiring_resolve.invoke(core.clj:6145)
	at shadow.cljs.devtools.cli$_main$fn__5427.invoke(cli.clj:70)
	at shadow.cljs.devtools.cli$_main.invokeStatic(cli.clj:69)
	at shadow.cljs.devtools.cli$_main.doInvoke(cli.clj:67)
	at clojure.lang.RestFn.applyTo(RestFn.java:140)
	at clojure.lang.Var.applyTo(Var.java:707)
	at clojure.core$apply.invokeStatic(core.clj:667)
	at clojure.main$main_opt.invokeStatic(main.clj:515)
	at clojure.main$main_opt.invoke(main.clj:511)
	at clojure.main$main.invokeStatic(main.clj:665)
	at clojure.main$main.doInvoke(main.clj:617)
	at clojure.lang.RestFn.applyTo(RestFn.java:140)
	at clojure.lang.Var.applyTo(Var.java:707)
	at clojure.main.main(main.java:40)
Caused by: java.lang.UnsupportedClassVersionError: com/google/javascript/jscomp/CompilerOptions has been compiled by a more recent version of the Java Runtime (class file version 65.0), this version of the Java Runtime only recognizes class file versions up to 61.0
	at java.base/java.lang.ClassLoader.defineClass1(Native Method)
	at java.base/java.lang.ClassLoader.defineClass(ClassLoader.java:1017)
	at java.base/java.security.SecureClassLoader.defineClass(SecureClassLoader.java:150)
	at java.base/jdk.internal.loader.BuiltinClassLoader.defineClass(BuiltinClassLoader.java:862)
	at java.base/jdk.internal.loader.BuiltinClassLoader.findClassOnClassPathOrNull(BuiltinClassLoader.java:760)
	at java.base/jdk.internal.loader.BuiltinClassLoader.loadClassOrNull(BuiltinClassLoader.java:681)
	at java.base/jdk.internal.loader.BuiltinClassLoader.loadClass(BuiltinClassLoader.java:639)
	at java.base/jdk.internal.loader.ClassLoaders$AppClassLoader.loadClass(ClassLoaders.java:188)
	at java.base/java.lang.ClassLoader.loadClass(ClassLoader.java:525)
	at java.base/java.lang.Class.forName0(Native Method)
	at java.base/java.lang.Class.forName(Class.java:469)
	at clojure.lang.RT.classForName(RT.java:2229)
	at clojure.lang.RT.classForNameNonLoading(RT.java:2242)
	at cljs.externs$loading__6706__auto____1370.invoke(externs.clj:9)
	at cljs.externs__init.load(Unknown Source)
	at cljs.externs__init.<clinit>(Unknown Source)
	at java.base/java.lang.Class.forName0(Native Method)
	at java.base/java.lang.Class.forName(Class.java:469)
	at clojure.lang.RT.classForName(RT.java:2229)
	at clojure.lang.RT.classForName(RT.java:2238)
	at clojure.lang.RT.loadClassForName(RT.java:2257)
	at clojure.lang.RT.load(RT.java:469)
	at clojure.lang.RT.load(RT.java:444)
	at clojure.core$load$fn__6933.invoke(core.clj:6189)
	at clojure.core$load.invokeStatic(core.clj:6188)
	at clojure.core$load.doInvoke(core.clj:6172)
	at clojure.lang.RestFn.invoke(RestFn.java:411)
	at clojure.core$load_one.invokeStatic(core.clj:5961)
	at clojure.core$load_one.invoke(core.clj:5956)
	at clojure.core$load_lib$fn__6875.invoke(core.clj:6003)
	at clojure.core$load_lib.invokeStatic(core.clj:6002)
	at clojure.core$load_lib.doInvoke(core.clj:5981)
	at clojure.lang.RestFn.applyTo(RestFn.java:145)
	at clojure.core$apply.invokeStatic(core.clj:669)
	at clojure.core$load_libs.invokeStatic(core.clj:6044)
	at clojure.core$load_libs.doInvoke(core.clj:6028)
	at clojure.lang.RestFn.applyTo(RestFn.java:140)
	at clojure.core$apply.invokeStatic(core.clj:669)
	at clojure.core$require.invokeStatic(core.clj:6066)
	at clojure.core$require.doInvoke(core.clj:6066)
	at clojure.lang.RestFn.invoke(RestFn.java:424)
	at cljs.env$loading__6706__auto____766.invoke(env.cljc:9)
	at cljs.env__init.load(Unknown Source)
	at cljs.env__init.<clinit>(Unknown Source)
	at java.base/java.lang.Class.forName0(Native Method)
	at java.base/java.lang.Class.forName(Class.java:469)
	at clojure.lang.RT.classForName(RT.java:2229)
	at clojure.lang.RT.classForName(RT.java:2238)
	at clojure.lang.RT.loadClassForName(RT.java:2257)
	at clojure.lang.RT.load(RT.java:469)
	at clojure.lang.RT.load(RT.java:444)
	at clojure.core$load$fn__6933.invoke(core.clj:6189)
	at clojure.core$load.invokeStatic(core.clj:6188)
	at clojure.core$load.doInvoke(core.clj:6172)
	at clojure.lang.RestFn.invoke(RestFn.java:411)
	at clojure.core$load_one.invokeStatic(core.clj:5961)
	at clojure.core$load_one.invoke(core.clj:5956)
	at clojure.core$load_lib$fn__6875.invoke(core.clj:6003)
	at clojure.core$load_lib.invokeStatic(core.clj:6002)
	at clojure.core$load_lib.doInvoke(core.clj:5981)
	at clojure.lang.RestFn.applyTo(RestFn.java:145)
	at clojure.core$apply.invokeStatic(core.clj:669)
	at clojure.core$load_libs.invokeStatic(core.clj:6044)
	at clojure.core$load_libs.doInvoke(core.clj:6028)
	at clojure.lang.RestFn.applyTo(RestFn.java:140)
	at clojure.core$apply.invokeStatic(core.clj:669)
	at clojure.core$require.invokeStatic(core.clj:6066)
	at clojure.core$require.doInvoke(core.clj:6066)
	at clojure.lang.RestFn.invoke(RestFn.java:1792)
	at cljs.analyzer$loading__6706__auto____645.invoke(analyzer.cljc:9)
	at cljs.analyzer__init.load(Unknown Source)
	at cljs.analyzer__init.<clinit>(Unknown Source)
	at java.base/java.lang.Class.forName0(Native Method)
	at java.base/java.lang.Class.forName(Class.java:469)
	at clojure.lang.RT.classForName(RT.java:2229)
	at clojure.lang.RT.classForName(RT.java:2238)
	at clojure.lang.RT.loadClassForName(RT.java:2257)
	at clojure.lang.RT.load(RT.java:469)
	at clojure.lang.RT.load(RT.java:444)
	at clojure.core$load$fn__6933.invoke(core.clj:6189)
	at clojure.core$load.invokeStatic(core.clj:6188)
	at clojure.core$load.doInvoke(core.clj:6172)
	at clojure.lang.RestFn.invoke(RestFn.java:411)
	at clojure.core$load_one.invokeStatic(core.clj:5961)
	at clojure.core$load_one.invoke(core.clj:5956)
	at clojure.core$load_lib$fn__6875.invoke(core.clj:6003)
	at clojure.core$load_lib.invokeStatic(core.clj:6002)
	at clojure.core$load_lib.doInvoke(core.clj:5981)
	at clojure.lang.RestFn.applyTo(RestFn.java:145)
	at clojure.core$apply.invokeStatic(core.clj:669)
	at clojure.core$load_libs.invokeStatic(core.clj:6044)
	at clojure.core$load_libs.doInvoke(core.clj:6028)
	at clojure.lang.RestFn.applyTo(RestFn.java:140)
	at clojure.core$apply.invokeStatic(core.clj:669)
	at clojure.core$require.invokeStatic(core.clj:6066)
	at clojure.core$require.doInvoke(core.clj:6066)
	at clojure.lang.RestFn.invoke(RestFn.java:622)
	at shadow.cljs.util$eval5524$loading__6814__auto____5525.invoke(util.clj:1)
	at shadow.cljs.util$eval5524.invokeStatic(util.clj:1)
	at shadow.cljs.util$eval5524.invoke(util.clj:1)
	at clojure.lang.Compiler.eval(Compiler.java:7757)
	at clojure.lang.Compiler.eval(Compiler.java:7746)
	at clojure.lang.Compiler.load(Compiler.java:8223)
	... 95 more
