Loading initial Timbre config from: :default
[:test] Compiling ...
========= Running Tests =======================

Testing dao.await-test

Testing dao.data-test

Testing dao.data.btree-async-test

Testing dao.data.btree-durability-test

Testing dao.data.btree-protocols-test

Testing dao.data.btree-test

Testing dao.data.btree-transients-test

Testing dao.gui.compiler-cljs-test

Testing dao.gui.event.arena-test

Testing dao.gui.event.bind-test
"dao.gui.event output gone; dropping pending" {:destination :gesture, :outcome :dao.stream/closed}

Testing dao.gui.event.core-test

Testing dao.gui.event.fixture-test

Testing dao.gui.event.longpress-test

Testing dao.gui.event.machine-test

Testing dao.gui.event.pan-test

Testing dao.gui.event.pointer-test

Testing dao.gui.event.policy-test

Testing dao.gui.event.terminal-test

Testing dao.gui.event.transform-test

Testing dao.jing-test

Testing dao.jing.cbor-conformance-test
CONFORMANCE node cases=372 run=366 skipped=["coll/map-both-slash-keywords" "coll/map-nan-payload-duplicate" "coll/set-nan-payload-duplicate" "coll/set-vector-list-collapse" "host/character" "host/nested-in-vector"]
CONFORMANCE-DIGEST node canonical n=208 6d1c64719d96c11f79d575bd3122ad1bba1ba9efcc56dce63b195423575cf2cb
CONFORMANCE-DIGEST node refusal n=154 1b929147af85f703c700a1f0d9cfbe74c55e5e28302a862086516fe749ec1b82

Testing dao.jing.cbor-content-equality-test

Testing dao.jing.cbor-fixtures-test

Testing dao.jing.cbor-test
SKIP node coll/map-both-slash-keywords: ClojureScript keyword equality compares the joined name, so (keyword nil "a/b") and (keyword "a" "b") are one map key: the host cannot hold this value (reported as a J1 finding)
SKIP node coll/set-vector-list-collapse: host constructor merged the members (N/A; cbor-v1.errata.md E1)
SKIP node coll/set-nan-payload-duplicate: host constructor merged the members (N/A; cbor-v1.errata.md E1)
SKIP node coll/map-nan-payload-duplicate: host constructor merged the members (N/A; cbor-v1.errata.md E1)
SKIP node host/character: ClojureScript has no character type: a char literal is a string
SKIP node host/nested-in-vector: its unsupported member is a character; ClojureScript has none

Testing dao.jing.content-test

Testing dao.jing.content.step-test

Testing dao.jing.dht-test

Testing dao.jing.dht.kad-test

Testing dao.jing.file-test

Testing dao.jing.hash-registry-contract-test

Testing dao.jing.mem-test

Testing dao.jing.stream-test

Testing dao.lease-composition-test

Testing dao.lease-test

Testing dao.postgraphics.lowering-test

Testing dao.postgraphics.math-test

Testing dao.postgraphics.packing-test

Testing dao.postgraphics.raster-test

Testing dao.postgraphics.terminal-test

Testing dao.postgraphics.web-test

Testing dao.postgraphics.web.canvas-test

Testing dao.postgraphics.web.gpu-test

Testing dao.pretty-test

Testing dao.space.dht-test
SKIP slow test rounds-beyond-the-backlog-bound-fail-at-once-then-repair (set DATOM_SLOW_TESTS=1 to run)

Testing dao.space.index-numeric-test

Testing dao.space.index-test

Testing dao.space.positional-query-test

Testing dao.space.query-numeric-test

Testing dao.space.query-test

Testing dao.space.schema-test

Testing dao.space.store.fs-test

Testing dao.space.transact-test

Testing dao.space.transactor-test

Testing dao.stream-test

Testing dao.stream.apply-test

Testing dao.stream.base64-test

Testing dao.stream.cbor-test

Testing dao.stream.chunks-test

Testing dao.stream.datagram-test

Testing dao.stream.datagram.node-test

Testing dao.stream.forward-test

Testing dao.stream.journal-test

Testing dao.stream.journal.file-test

Testing dao.stream.memory-log-test

Testing dao.stream.middleware-test

Testing dao.stream.observe-test

Testing dao.stream.observer-test

Testing dao.stream.remote-channel-test

Testing dao.stream.remote-meet-test

Testing dao.stream.remote-pair-test

Testing dao.stream.remote-test

Testing dao.stream.ringbuffer-test

Testing dao.stream.rpc-test

Testing dao.stream.transit-test

Testing dao.stream.udp-raw-test

Testing dao.stream.udp-test

Testing dao.stream.waitset-test

Testing dao.stream.waitset.cadence-test

Testing dao.stream.waitset.driver-test

Testing dao.stream.ws-codec-test

Testing dao.stream.ws-project-cross-node-test

Testing dao.stream.ws-project-test

Testing dao.stream.ws-test

Testing dao.stream.ws.browser-test

Testing dao.stream.ws.node-test

Testing datomworld.demo.artifact-runner-test

Testing datomworld.demo.artifact-scene-test

Testing datomworld.demo.continuation-handoff-test

Testing datomworld.demo.earth-moon-scene-test

Testing datomworld.demo.responsive-test

Testing datomworld.demo.solar-system-scene-test

Testing datomworld.demo.voxel-controls-test

Testing datomworld.demo.voxel-input-test

Testing datomworld.demo.voxel-runner-test

Testing datomworld.demo.voxel-scene-test

Testing yang.clojure.stream-eval-test
SKIP slow test pure-expressions-and-let-bindings-evaluate-on-every-vm (set DATOM_SLOW_TESTS=1 to run)
SKIP slow test every-vm-answers-the-same-stream-script (set DATOM_SLOW_TESTS=1 to run)

Testing yang.frontend-test

Testing yang.python.antlr.c3-gate-test
SKIP slow test c3-gate-test (set DATOM_SLOW_TESTS=1 to run)

Testing yang.python.antlr.float-address-test
SKIP slow test runs-on-every-vm-test (set DATOM_SLOW_TESTS=1 to run)
SKIP slow test dict-keys-test (set DATOM_SLOW_TESTS=1 to run)
SKIP slow test nan-test (set DATOM_SLOW_TESTS=1 to run)

Testing yang.python.antlr.float-text-test
SKIP slow test float-text-fixture-test (set DATOM_SLOW_TESTS=1 to run)

Testing yang.python.antlr.int-contract-test
SKIP slow test guest-values-on-every-vm-test (set DATOM_SLOW_TESTS=1 to run)
SKIP slow test guest-limit-reasons-on-every-vm-test (set DATOM_SLOW_TESTS=1 to run)

Testing yang.python.antlr.int-conv-test
SKIP slow test sequence-repetition-boundary-test (set DATOM_SLOW_TESTS=1 to run)
SKIP slow test cpython-conversion-fixture-test (set DATOM_SLOW_TESTS=1 to run)
SKIP slow test guest-float-text-fixture-test (set DATOM_SLOW_TESTS=1 to run)

Testing yang.python.antlr.int-heap-test
SKIP slow test collection-test (set DATOM_SLOW_TESTS=1 to run)
SKIP slow test pinning-test (set DATOM_SLOW_TESTS=1 to run)
SKIP slow test cell-refusal-test (set DATOM_SLOW_TESTS=1 to run)

Testing yang.python.antlr.int-literal-test

Testing yang.python.antlr.int-ops-test
SKIP slow test cpython-operator-fixture-test (set DATOM_SLOW_TESTS=1 to run)
SKIP slow test cpython-s3b-fixture-test (set DATOM_SLOW_TESTS=1 to run)
SKIP slow test cpython-s3c-fixture-test (set DATOM_SLOW_TESTS=1 to run)

Testing yang.python.antlr.lower-portable-test

Testing yang.python.antlr.prelude-parity-test
SKIP slow test prelude-semantics-on-every-vm-test (set DATOM_SLOW_TESTS=1 to run)
SKIP slow test range-fast-path-on-every-host-test (set DATOM_SLOW_TESTS=1 to run)
SKIP slow test printed-floats-on-every-host-test (set DATOM_SLOW_TESTS=1 to run)
SKIP slow test generator-switch-on-every-host-test (set DATOM_SLOW_TESTS=1 to run)
SKIP slow test generator-throw-non-exception-class-on-every-host-test (set DATOM_SLOW_TESTS=1 to run)
SKIP slow test delegation-stop-and-sticky-dict-iterator-on-every-host-test (set DATOM_SLOW_TESTS=1 to run)
SKIP slow test delegation-chain-callers-and-unwinding-on-every-host-test (set DATOM_SLOW_TESTS=1 to run)
SKIP slow test generator-expression-on-every-host-test (set DATOM_SLOW_TESTS=1 to run)
SKIP slow test generator-expression-admission-on-every-host-test (set DATOM_SLOW_TESTS=1 to run)
SKIP slow test integer-bound-on-every-host-test (set DATOM_SLOW_TESTS=1 to run)
SKIP slow test numeric-keys-hash-and-is-on-every-host-test (set DATOM_SLOW_TESTS=1 to run)
SKIP slow test float-is-on-every-host-test (set DATOM_SLOW_TESTS=1 to run)
SKIP slow test big-integer-keys-past-the-digit-limit-on-every-host-test (set DATOM_SLOW_TESTS=1 to run)
SKIP slow test int-limits-are-catchable-on-every-host-test (set DATOM_SLOW_TESTS=1 to run)
SKIP slow test failed-key-normalization-leaves-containers-unchanged-test (set DATOM_SLOW_TESTS=1 to run)
SKIP slow test int-defects-stay-host-failures-on-every-host-test (set DATOM_SLOW_TESTS=1 to run)
SKIP slow test preserved-key-arms-on-every-host-test (set DATOM_SLOW_TESTS=1 to run)
SKIP slow test unhashable-on-every-host-test (set DATOM_SLOW_TESTS=1 to run)
SKIP slow test signed-zero-floats-on-every-host-test (set DATOM_SLOW_TESTS=1 to run)

Testing yang.python.antlr.safepoint-test
SKIP slow test no-op-hooks-are-transparent-test (set DATOM_SLOW_TESTS=1 to run)
SKIP slow test interrupt-test (set DATOM_SLOW_TESTS=1 to run)
SKIP slow test no-park-test (set DATOM_SLOW_TESTS=1 to run)
SKIP slow test registered-handler-runs-test (set DATOM_SLOW_TESTS=1 to run)
SKIP slow test fail-closed-test (set DATOM_SLOW_TESTS=1 to run)
SKIP slow test tail-preservation-test (set DATOM_SLOW_TESTS=1 to run)
SKIP slow test recursion-error-test (set DATOM_SLOW_TESTS=1 to run)
SKIP slow test escape-restores-depth-test (set DATOM_SLOW_TESTS=1 to run)
SKIP slow test generator-depth-test (set DATOM_SLOW_TESTS=1 to run)
SKIP slow test generator-admission-test (set DATOM_SLOW_TESTS=1 to run)
SKIP slow test admission-in-every-mode-test (set DATOM_SLOW_TESTS=1 to run)
SKIP slow test delegation-admission-test (set DATOM_SLOW_TESTS=1 to run)
SKIP slow test generator-rebase-test (set DATOM_SLOW_TESTS=1 to run)
SKIP slow test generator-throw-close-depth-test (set DATOM_SLOW_TESTS=1 to run)
SKIP slow test set-recursion-limit-test (set DATOM_SLOW_TESTS=1 to run)

Testing yang.safepoint-test

Testing yin.repl-test

Testing yin.repl.adapter-test

Testing yin.repl.ast-index-test

Testing yin.repl.ast-query-e2e-test
SKIP slow test vector-and-map-forms-arity-errors-and-result-limits (set DATOM_SLOW_TESTS=1 to run)

Testing yin.repl.connect-test

Testing yin.repl.dht-head-test
