Loading initial Timbre config from: :default

Running tests in #{"test"}
WARNING: load already refers to: #'clojure.core/load in namespace: yin.vm.encoder, being replaced by: #'yin.vm.encoder/load

Testing dao.await-test

Testing dao.data.btree-async-test

Testing dao.data.btree-durability-test

Testing dao.data.btree-protocols-test

Testing dao.data.btree-test

Testing dao.data.btree-transients-test

Testing dao.data-test

Testing dao.gui.compiler-test

Testing dao.gui.event.arena-test

Testing dao.gui.event.bind-test
"dao.gui.event output gone; dropping pending" {:destination :gesture, :outcome :dao.stream/closed}

Testing dao.gui.event.core-test

Testing dao.gui.event.fixture-test

Testing dao.gui.event.longpress-test

Testing dao.gui.event.machine-test

Testing dao.gui.event.pan-test

Testing dao.gui.event.pointer-test

Testing dao.gui.event.policy-test

Testing dao.gui.event.terminal-test

Testing dao.gui.event.transform-test

Testing dao.gui.runtime-test

Testing dao.jing.cbor-conformance-test
CONFORMANCE jvm cases=372 run=367 skipped=["coll/map-integer-width-duplicate" "coll/set-decimal-scale-collapse" "coll/set-signed-zero-collapse" "coll/set-vector-list-collapse" "num/js-unsafe-integer"]
CONFORMANCE-DIGEST jvm refusal n=154 1b929147af85f703c700a1f0d9cfbe74c55e5e28302a862086516fe749ec1b82
CONFORMANCE-DIGEST jvm canonical n=208 6d1c64719d96c11f79d575bd3122ad1bba1ba9efcc56dce63b195423575cf2cb

Testing dao.jing.cbor-content-equality-test

Testing dao.jing.cbor-fixtures-test

Testing dao.jing.cbor-test
SKIP jvm coll/set-signed-zero-collapse: host constructor merged the members (N/A; cbor-v1.errata.md E1)
SKIP jvm coll/set-decimal-scale-collapse: host constructor merged the members (N/A; cbor-v1.errata.md E1)
SKIP jvm coll/set-vector-list-collapse: host constructor merged the members (N/A; cbor-v1.errata.md E1)
SKIP jvm coll/map-integer-width-duplicate: host constructor merged the members (N/A; cbor-v1.errata.md E1)
SKIP jvm num/js-unsafe-integer: README Obligations: applies to Node only; N/A on JVM and Dart

Testing dao.jing.content.step-test

Testing dao.jing.content-test

Testing dao.jing.dht.facade-test

Testing dao.jing.dht.kad-test

Testing dao.jing.dht.socket-test

Testing dao.jing.dht-test

Testing dao.jing.file-test

Testing dao.jing.hash-registry-contract-test

Testing dao.jing.mem-test

Testing dao.jing.stream-test

Testing dao.jing-test

Testing dao.lease-composition-test

Testing dao.lease-test

Testing dao.postgraphics.lowering-test

Testing dao.postgraphics.math-test

Testing dao.postgraphics.packing-test

Testing dao.postgraphics.raster-test

Testing dao.postgraphics.terminal-test

Testing dao.pretty-test

Testing dao.space.dht-test

Testing dao.space.index-numeric-test

Testing dao.space.index-test

Testing dao.space.positional-query-test

Testing dao.space.query-numeric-test

Testing dao.space.query-test

Testing dao.space.schema-test

Testing dao.space.stigmergy-test

Testing dao.space.store.fs-test

Testing dao.space.transact-test

Testing dao.space.transactor-test

Testing dao.stream.apply-test

Testing dao.stream.base64-test

Testing dao.stream.cbor-test

Testing dao.stream.chunks-test

Testing dao.stream.datagram.jvm-test

Testing dao.stream.datagram-test

Testing dao.stream.forward-test

Testing dao.stream.journal.file-test

Testing dao.stream.journal-test

Testing dao.stream.memory-log-test

Testing dao.stream.middleware-test

Testing dao.stream.observe-test

Testing dao.stream.observer-test

Testing dao.stream.remote-channel-test

Testing dao.stream.remote-meet-test

Testing dao.stream.remote-pair-test

Testing dao.stream.remote-test

Testing dao.stream.ringbuffer-test

Testing dao.stream.rpc-test

Testing dao.stream.transit-test

Testing dao.stream.udp-raw-test

Testing dao.stream.udp-test

Testing dao.stream.waitset.cadence-test

Testing dao.stream.waitset.driver-test

Testing dao.stream.waitset-test

Testing dao.stream.ws.jvm-test

Testing dao.stream.ws-codec-test

Testing dao.stream.ws-project-cross-jvm-test
;; SKIPPED a-dart-dialer-reads-a-jvm-server: build/ws-project-peer is absent -- compile it first: clojure -M:clojuredart:cljd compile dao.stream.ws-project-peer && dart compile exe lib/cljd-out/dao/stream/ws-project-peer.dart -o build/ws-project-peer

Testing dao.stream.ws-project-jvm-test

Testing dao.stream.ws-project-test

Testing dao.stream.ws-test

Testing dao.stream-test

Testing datomworld.demo.artifact-runner-test

Testing datomworld.demo.artifact-scene-test

Testing datomworld.demo.continuation-handoff-test

Testing datomworld.demo.earth-moon-scene-test

Testing datomworld.demo.solar-system-scene-test

Testing datomworld.demo.voxel-controls-test

Testing datomworld.demo.voxel-input-test

Testing datomworld.demo.voxel-runner-test

Testing datomworld.demo.voxel-scene-test

Testing yang.clojure.stream-eval-test

Testing yang.clojure-test
FFI hello world

Testing yang.frontend-test

Testing yang.php-test

Testing yang.python.antlr.c3-gate-parser-test

Testing yang.python.antlr.c3-gate-test

Testing yang.python.antlr.cst-export-test

Testing yang.python.antlr.e2e-c1-test

Testing yang.python.antlr.e2e-c2-test

Testing yang.python.antlr.e2e-test

Testing yang.python.antlr.float-address-test

Testing yang.python.antlr.float-text-test

Testing yang.python.antlr.int-contract-test

Testing yang.python.antlr.int-conv-test

Testing yang.python.antlr.int-heap-test

Testing yang.python.antlr.int-literal-test

Testing yang.python.antlr.int-ops-parser-test

Testing yang.python.antlr.int-ops-test

Testing yang.python.antlr.lower-portable-test

Testing yang.python.antlr.lower-test

Testing yang.python.antlr.prelude-parity-test

Testing yang.python.antlr.safepoint-test

Testing yang.python.antlr.scope-test

Testing yang.python-test

Testing yang.safepoint-test

Testing yin.repl.adapter-test

Testing yin.repl.ast-index-test

Testing yin.repl.ast-query-e2e-test

Testing yin.repl.build-test

Testing yin.repl.connect-test

Testing yin.repl.dht-head-test

Testing yin.repl.dht-test

Testing yin.repl.driver-test

Testing yin.repl.embed-test

Testing yin.repl.host.jvm-test

Testing yin.repl.index-test

Testing yin.repl.main-test
Bye

Bye


Testing yin.repl.query-test

Testing yin.repl.require-test

Testing yin.repl.serve-connect-wire-test

Testing yin.repl.serve-test

Testing yin.repl.state-test

Testing yin.repl.store-test

Testing yin.repl-test

Testing yin.vm.ast-walker-test

Testing yin.vm.attach-image-test

Testing yin.vm.cell-test

Testing yin.vm.code-test

Testing yin.vm.completion-test

Testing yin.vm.continuation-invoke-test

Testing yin.vm.data-test

Testing yin.vm.debruijn.register-test

Testing yin.vm.debruijn.stack-effects-test

Testing yin.vm.debruijn.stack-parity-test

Testing yin.vm.debruijn.stack-test

Testing yin.vm.debruijn-code-test

Testing yin.vm.debruijn-linearize-test

Testing yin.vm.debruijn-register-benchmark-test

[R3] de Bruijn stack VM vs register VM (informational)

[R3] tail-countdown (10 timed runs, value 0)
  stack    run=12.919ms lower=0.246ms load=0.848ms instrs=56 bytes=998 steps=10518 peak-frames=1 peak-cont=0
  register run=11.542ms lower=0.785ms load=2.497ms instrs=35 bytes=4295 steps=6012 peak-frames=1 peak-cont=0
  register/stack: run=0.893 lower=3.181 load=2.945 steps=0.571 bytes=4.303

[R3] fibonacci (10 timed runs, value 144)
  stack    run=9.875ms lower=0.691ms load=1.705ms instrs=92 bytes=1618 steps=11850 peak-frames=1 peak-cont=11
  register run=12.267ms lower=1.036ms load=4.241ms instrs=53 bytes=7059 steps=6740 peak-frames=1 peak-cont=11
  register/stack: run=1.242 lower=1.499 load=2.486 steps=0.568 bytes=4.362

[R3] lexical-binding (50 timed runs, value 36)
  stack    run=1.562ms lower=0.632ms load=1.753ms instrs=92 bytes=1541 steps=84 peak-frames=8 peak-cont=0
  register run=3.411ms lower=1.685ms load=4.648ms instrs=55 bytes=7702 steps=46 peak-frames=8 peak-cont=0
  register/stack: run=2.182 lower=2.664 load=2.651 steps=0.547 bytes=4.998

[R3] corpus: literal map (50 timed runs, value {:x 10, :y 20})
  stack    run=0.499ms lower=0.011ms load=0.48ms instrs=2 bytes=128 steps=2 peak-frames=0 peak-cont=0
  register run=0.451ms lower=0.051ms load=0.375ms instrs=2 bytes=359 steps=2 peak-frames=0 peak-cont=0
  register/stack: run=0.902 lower=4.401 load=0.779 steps=1.0 bytes=2.804

[R3] corpus: addition (50 timed runs, value 30)
  stack    run=0.356ms lower=0.032ms load=0.469ms instrs=8 bytes=127 steps=8 peak-frames=0 peak-cont=0
  register run=0.637ms lower=0.114ms load=0.511ms instrs=5 bytes=614 steps=5 peak-frames=0 peak-cont=0
  register/stack: run=1.785 lower=3.515 load=1.09 steps=0.625 bytes=4.834

[R3] corpus: nested application (50 timed runs, value 6)
  stack    run=0.382ms lower=0.058ms load=1.633ms instrs=14 bytes=224 steps=14 peak-frames=0 peak-cont=0
  register run=0.438ms lower=0.111ms load=0.527ms instrs=8 bytes=1019 steps=8 peak-frames=0 peak-cont=0
  register/stack: run=1.146 lower=1.912 load=0.322 steps=0.571 bytes=4.549

[R3] corpus: if true branch (50 timed runs, value 100)
  stack    run=0.317ms lower=0.056ms load=0.326ms instrs=12 bytes=219 steps=11 peak-frames=0 peak-cont=0
  register run=0.545ms lower=0.086ms load=0.486ms instrs=9 bytes=942 steps=8 peak-frames=0 peak-cont=0
  register/stack: run=1.717 lower=1.537 load=1.489 steps=0.727 bytes=4.301

[R3] corpus: if false branch (50 timed runs, value 200)
  stack    run=0.481ms lower=0.045ms load=0.537ms instrs=12 bytes=219 steps=10 peak-frames=0 peak-cont=0
  register run=0.821ms lower=0.234ms load=0.683ms instrs=9 bytes=942 steps=7 peak-frames=0 peak-cont=0
  register/stack: run=1.704 lower=5.161 load=1.272 steps=0.7 bytes=4.301

[R3] corpus: lambda application (50 timed runs, value 11)
  stack    run=0.648ms lower=0.052ms load=0.597ms instrs=14 bytes=231 steps=14 peak-frames=1 peak-cont=1
  register run=0.797ms lower=0.167ms load=1.096ms instrs=9 bytes=1167 steps=9 peak-frames=1 peak-cont=1
  register/stack: run=1.23 lower=3.165 load=1.833 steps=0.642 bytes=5.051

[R3] corpus: closure value (50 timed runs, value {:type :closure, :arity 1})
  stack    run=0.55ms lower=0.016ms load=0.493ms instrs=4 bytes=72 steps=2 peak-frames=0 peak-cont=0
  register run=0.743ms lower=0.162ms load=1.153ms instrs=4 bytes=583 steps=2 peak-frames=0 peak-cont=0
  register/stack: run=1.351 lower=9.63 load=2.337 steps=1.0 bytes=8.097

[R3] corpus: higher order (50 timed runs, value 15)
  stack    run=0.624ms lower=0.131ms load=0.811ms instrs=20 bytes=335 steps=20 peak-frames=1 peak-cont=2
  register run=0.527ms lower=0.119ms load=0.65ms instrs=13 bytes=1720 steps=13 peak-frames=1 peak-cont=2
  register/stack: run=0.844 lower=0.908 load=0.802 steps=0.65 bytes=5.134

[R3] corpus: collection primitives (50 timed runs, value 9)
  stack    run=0.681ms lower=0.022ms load=0.548ms instrs=6 bytes=163 steps=6 peak-frames=0 peak-cont=0
  register run=0.754ms lower=0.348ms load=0.9ms instrs=4 bytes=567 steps=4 peak-frames=0 peak-cont=0
  register/stack: run=1.107 lower=15.212 load=1.641 steps=0.666 bytes=3.478

Testing yin.vm.debruijn-register-compile-test

Testing yin.vm.debruijn-register-contract-test

Testing yin.vm.debruijn-register-effects-test

Testing yin.vm.debruijn-resolve-test

Testing yin.vm.debruijn-test

Testing yin.vm.debruijn-vm-contract-test

Testing yin.vm.effect-forgery-test

Testing yin.vm.encoder-test

Testing yin.vm.engine-gate-test

Testing yin.vm.engine-test

Testing yin.vm.ffi.remote-serve.responder-test

Testing yin.vm.ffi.remote-serve-test

Testing yin.vm.ffi-test

Testing yin.vm.heap-reclamation-test

Testing yin.vm.host-typed-values-test

Testing yin.vm.integer-test

Testing yin.vm.ledger-test

Testing yin.vm.linearize-test

Testing yin.vm.linker.closure-test

Testing yin.vm.linker.dht-end-to-end-test

Testing yin.vm.linker.dht-test

Testing yin.vm.linker.head-follow-test

Testing yin.vm.linker.head-test

Testing yin.vm.linker.head-ws-test

Testing yin.vm.linker.publish-test

Testing yin.vm.linker.remote-transfer-test

Testing yin.vm.linker.sign-test

Testing yin.vm.linker-authority-ingestion-test

Testing yin.vm.linker-authority-test

Testing yin.vm.linker-manifest-test

Testing yin.vm.linker-require-test

Testing yin.vm.linker-step-test

Testing yin.vm.linker-test

Testing yin.vm.macro-build-test

Testing yin.vm.macro-test

Testing yin.vm.mint-test

Testing yin.vm.module-test

Testing yin.vm.parity-test

Testing yin.vm.pipeline-test

Testing yin.vm.rule-r-test

Testing yin.vm.semantic-engine-test

Testing yin.vm.semantic-ffi-test

Testing yin.vm.semantic-stream-observer-test

Testing yin.vm.semantic-test

Testing yin.vm.store-write-audit-test

Testing yin.vm.stream-poll-test

Testing yin.vm.telemetry-test

Testing yin.vm.ucf.authority.admission-test

Testing yin.vm.ucf.authority.completion-fold-test

Testing yin.vm.ucf.authority.completion-test

Testing yin.vm.ucf.authority.front-test

Testing yin.vm.ucf.authority.grant-test

Testing yin.vm.ucf.authority.inherited-test

Testing yin.vm.ucf.authority.input-test

Testing yin.vm.ucf.authority.reclaim-test

Testing yin.vm.ucf.authority-test

Testing yin.vm.ucf.checkpoint-test

Testing yin.vm.ucf.compose-test

Testing yin.vm.ucf.crash-cut-test

Testing yin.vm.ucf.custody-test

Testing yin.vm.ucf.durability-test

Testing yin.vm.ucf.handoff-test

Testing yin.vm.ucf.handoff-v1-test

Testing yin.vm.ucf.handoff-v2-authority-test

Testing yin.vm.ucf.handoff-v2-census-test

Testing yin.vm.ucf.handoff-v2-custody-test

Testing yin.vm.ucf.handoff-v2-gates-test

Testing yin.vm.ucf.handoff-v2-holder-test

Testing yin.vm.ucf.handoff-v2-layout-test

Testing yin.vm.ucf.handoff-v2-test

Testing yin.vm.ucf.handoff-v2-validity-test

Testing yin.vm.ucf.handoff-v2-values-test

Testing yin.vm.ucf.handoff-v2-walker-test

Testing yin.vm.ucf.holder.driver-test

Testing yin.vm.ucf.holder.evidence-test

Testing yin.vm.ucf.holder.export-test

Testing yin.vm.ucf.holder.reader-test

Testing yin.vm.ucf.holder.writer-test

Testing yin.vm.ucf.ledger-fixture-test

Testing yin.vm.ucf.ledger-test

Testing yin.vm.ucf.lift-v1-test

Testing yin.vm.ucf.remote-test

Testing yin.vm.ucf.scalar-round-trip-test

Testing yin.vm.ucf-test

Testing yin.vm-test

Ran 3760 tests containing 239257 assertions.
0 failures, 0 errors.
