I can't persist the report — both file-write and shell tools are permission-gated in this session — so here is the review inline. The orchestrator should save it as `collab/1791379000000-stream-s2d-review.cmd.findings.md`.

# Verdict: ACCEPT

All five spec bounds, adoption isolation, the four host seams, docs and the full S2d test plan are implemented as specified. Deviations are declared, reasoned, and none breaks a spec invariant. Caveat: this session had no shell permission, so lanes could not be independently re-run; the verdict rests on line-by-line static review of all twelve touched files plus the author's reported green lanes.

## Checklist results

**1. Bounds enforcement — all PASS.**
- `:ws/max-frame-bytes`: checked on raw size before `:ws/decode` in `deliver!` (ws.cljc:396-398); `teardown!` closes 1009 `"dao.stream/frame-too-large"` with `:ws/error` reason `:ws/frame-too-large`. Test proves no-decode via counting decoder, plus `:too-large!` and invalid-bound composition error.
- Pending bounds: fourth `:overflow` action inside the existing single `swap!`, which also sets `:phase :closed` atomically so no later frame queues behind it (ws.cljc:406-426); 1013 `"dao.stream/pending-overflow"` / `:ws/pending-overflow`; diagnostic lands on the control medium while pending. `:pending-bytes` reset atomically with the queue in `drain-pending!`.
- Slot release: `endpoint-step`'s release doseq runs before ack consumption; tests prove slot `:free` and the late ack stale (traffic empty).
- High-water → `:dao.stream/full` only when `:queued-bytes` present, nothing sent; max-outbound → 1008 teardown, triggering and later appends answer `closed`. Test covers at-mark, below-max, drain-then-accept, and post-teardown.
- Fallback quota: cumulative `:sent-bytes` grown only on `ok` sends and only while max-outbound is set and no seam count exists; high-water correctly inert (author choice #2 is the right spec reading — a cumulative `full` could never drain).
- "At or above, judged on the level before this frame" (choice #1) is coherent, livelock-free, documented.

**2. Adoption isolation — PASS.** `adopt!` wraps `make-media` + ack `append!` in one three-host try/catch (`:cljd` first); a throw lands in the existing non-ok branch: handle closed, no session. Cursor already advanced, so the tick continues. Both tests assert no session for the bad offer, healthy session answered *in the same tick*, bad handle closed, next offer adopted. The one-slot fixture forces a healthy-session pairing instead of the test plan's "two offers" shape — that matches §1.5's actual guarantee; accepted deviation.

**3. Host seams — PASS.** JVM client: `:queued` rises under the submission lock in the same swap installing the successor, falls in `whenComplete` on success *and* failure, close counts 0; hand-completed-futures test verifies. JVM reassembly: bounded assembly with `discarding?` suppression and `:too-large!`; the close-through-chain instead of `.abort` deviation is actually *more* spec-faithful (abort would cancel the queued 1009 close; §2 says "the peer sees close 1009"). Node/browser: `bufferedAmount` on both `raw-socket`s (Node server path included), `maxPayload` wired with a never-undefined default and the reason documented. http-kit `:max-ws` and Dart: fallback + gated, as spec'd; stale "no outbound high-water" docstrings corrected.

**4. Style/tests — PASS with one gate.** All eight spec test-plan items exist with the spec'd observables; existing protocols untouched except the browser seam-shape test the new key legitimately changes. Kondo clean (one pre-existing warning). **cljstyle not run — must be run before commit.** Docs (Serving bounds, Outbound bounds + host matrix, Deferred rewrite, remote §3.1) match the implementation.

## Minor findings (non-blocking)

1. `adopt!` leaks the freshly made media (ring) when the *ack append* throws after `make-media` succeeded — the catch discards `media`. Spec-letter compliant (only the make-media-threw leak is assigned to the composition), but cheap to close; recommend tightening or at least extending the docstring. Carry to S3a.
2. Cumulative-quota TOCTOU under concurrent JVM appends (level read from the append!-entry snapshot). Best-effort bound under an already-discouraged usage; observation only.
3. String payloads counted in characters, not UTF-8 bytes — spec-mandated and consistent across layers, but S3a's 4 MiB/16 MiB profile is loose by up to ~3-4x for non-ASCII traffic.
4. Repeated oversize messages on the JVM client duplicate `:ws/error` diagnostics and chained `sendClose` until close lands; cosmetic.
5. `:ws/max-frame-bytes` is wired twice on server paths (endpoint config + `listen!` options); divergence is safe but it's a composition foot-gun — S3a wiring note.
6. Browser "exact" lift status is an outbound statement; the DOM socket buffers an entire oversize message inbound before `deliver!` refuses. Suggest a one-line matrix caveat.
7. Pre-existing `accept-slot!` reopen race acknowledged and not widened (release pass runs first; tests pin the ordering). Correctly scoped out.
8. `adopt!`'s throw branch returns the `close!` outcome, not literal nil; return value unused. Trivial.

## Conditions on landing

1. Run `cljstyle check` on the twelve touched files.
2. Re-run all lanes + kondo in the committing session (this review couldn't execute them).
3. Commit message should note the two accepted deviations (close-through-chain vs `.abort`; isolation-test shape).
4. Carry findings 1, 3, 5, 6 into the S3a input list.
