Loading initial Timbre config from: :default

Running tests in #{"test"}
WARNING: load already refers to: #'clojure.core/load in namespace: yin.vm.encoder, being replaced by: #'yin.vm.encoder/load

Testing dao.await-test

Testing dao.data.btree-async-test

Testing dao.data.btree-durability-test

Testing dao.data.btree-protocols-test

Testing dao.data.btree-test

Testing dao.data.btree-transients-test

Testing dao.data-test

Testing dao.gui.compiler-test

Testing dao.gui.event.arena-test

Testing dao.gui.event.bind-test
"dao.gui.event output gone; dropping pending" {:destination :gesture, :outcome :dao.stream/closed}

Testing dao.gui.event.core-test

Testing dao.gui.event.fixture-test

Testing dao.gui.event.longpress-test

Testing dao.gui.event.machine-test

Testing dao.gui.event.pan-test

Testing dao.gui.event.pointer-test

Testing dao.gui.event.policy-test

Testing dao.gui.event.terminal-test

Testing dao.gui.event.transform-test

Testing dao.gui.runtime-test

Testing dao.jing.cbor-conformance-test
CONFORMANCE jvm cases=372 run=367 skipped=["coll/map-integer-width-duplicate" "coll/set-decimal-scale-collapse" "coll/set-signed-zero-collapse" "coll/set-vector-list-collapse" "num/js-unsafe-integer"]
CONFORMANCE-DIGEST jvm refusal n=154 1b929147af85f703c700a1f0d9cfbe74c55e5e28302a862086516fe749ec1b82
CONFORMANCE-DIGEST jvm canonical n=208 6d1c64719d96c11f79d575bd3122ad1bba1ba9efcc56dce63b195423575cf2cb

Testing dao.jing.cbor-content-equality-test

Testing dao.jing.cbor-fixtures-test

Testing dao.jing.cbor-test
SKIP jvm coll/set-signed-zero-collapse: host constructor merged the members (N/A; cbor-v1.errata.md E1)
SKIP jvm coll/set-decimal-scale-collapse: host constructor merged the members (N/A; cbor-v1.errata.md E1)
SKIP jvm coll/set-vector-list-collapse: host constructor merged the members (N/A; cbor-v1.errata.md E1)
SKIP jvm coll/map-integer-width-duplicate: host constructor merged the members (N/A; cbor-v1.errata.md E1)
SKIP jvm num/js-unsafe-integer: README Obligations: applies to Node only; N/A on JVM and Dart

Testing dao.jing.content.step-test

Testing dao.jing.content-test

Testing dao.jing.dht.kad-test

Testing dao.jing.dht.node-test

Testing dao.jing.dht-test

Testing dao.jing.file-test

Testing dao.jing.hash-registry-contract-test

Testing dao.jing.mem-test

Testing dao.jing.stream-test

Testing dao.jing-test

Testing dao.lease-composition-test

Testing dao.lease-test

Testing dao.postgraphics.lowering-test

Testing dao.postgraphics.math-test

Testing dao.postgraphics.packing-test

Testing dao.postgraphics.raster-test

Testing dao.postgraphics.terminal-test

Testing dao.pretty-test

Testing dao.space.index-numeric-test

Testing dao.space.index-test

Testing dao.space.positional-query-test

Testing dao.space.query-numeric-test

Testing dao.space.query-test

Testing dao.space.schema-test

Testing dao.space.stigmergy-test

Testing dao.space.transact-test

Testing dao.space.transactor-test

Testing dao.stream.apply-test

Testing dao.stream.cbor-test

Testing dao.stream.forward-test

Testing dao.stream.memory-log-test

Testing dao.stream.middleware-test

Testing dao.stream.observe-test

Testing dao.stream.observer-test

Testing dao.stream.remote-meet-test

Testing dao.stream.remote-pair-test

Testing dao.stream.remote-test

Testing dao.stream.ringbuffer-test

Testing dao.stream.rpc-test

Testing dao.stream.transit-test

Testing dao.stream.udp.jvm-test

Testing dao.stream.udp-test

Testing dao.stream.waitset.cadence-test

Testing dao.stream.waitset.driver-test

Testing dao.stream.waitset-test

Testing dao.stream.ws.jvm-test

Testing dao.stream.ws-codec-test

Testing dao.stream.ws-project-cross-jvm-test
;; SKIPPED a-dart-dialer-reads-a-jvm-server: build/ws-project-peer is absent -- compile it first: clojure -M:cljd compile dao.stream.ws-project-peer && dart compile exe lib/cljd-out/dao/stream/ws-project-peer.dart -o build/ws-project-peer

Testing dao.stream.ws-project-jvm-test

Testing dao.stream.ws-project-test

Testing dao.stream.ws-test

Testing dao.stream-test

Testing datomworld.demo.artifact-runner-test

Testing datomworld.demo.artifact-scene-test

Testing datomworld.demo.continuation-handoff-test

Testing datomworld.demo.earth-moon-scene-test

Testing datomworld.demo.solar-system-scene-test

Testing datomworld.demo.voxel-controls-test

Testing datomworld.demo.voxel-input-test

Testing datomworld.demo.voxel-runner-test

Testing datomworld.demo.voxel-scene-test

Testing yang.clojure.stream-eval-test

Testing yang.clojure-test
FFI hello world

Testing yang.php-test

Testing yang.python-test

Testing yin.repl.adapter-test

Testing yin.repl.build-test

Testing yin.repl.connect-test

Testing yin.repl.driver-test

Testing yin.repl.embed-test

Testing yin.repl.host.jvm-test

Testing yin.repl.main-test

FAIL in (killing-the-connection-is-observable-and-requests-are-lost) (main_test.cljc:608)
expected: (= "3" (remote-value peer "(+ 1 2)"))
  actual: (not (= "3" nil))
Bye


Testing yin.repl.require-test

Testing yin.repl.serve-connect-wire-test

Testing yin.repl.serve-test

Testing yin.repl-test

Testing yin.vm.ast-walker-test

Testing yin.vm.attach-image-test

Testing yin.vm.code-test

Testing yin.vm.completion-test

Testing yin.vm.debruijn.register-test

Testing yin.vm.debruijn.stack-effects-test

Testing yin.vm.debruijn.stack-parity-test

Testing yin.vm.debruijn.stack-test

Testing yin.vm.debruijn-code-test

Testing yin.vm.debruijn-linearize-test

Testing yin.vm.debruijn-register-benchmark-test

[R3] de Bruijn stack VM vs register VM (informational)

[R3] tail-countdown (10 timed runs, value 0)
  stack    run=4.68ms lower=0.195ms load=0.303ms instrs=56 bytes=998 steps=10518 peak-frames=1 peak-cont=0
  register run=4.385ms lower=0.418ms load=0.958ms instrs=35 bytes=4295 steps=6012 peak-frames=1 peak-cont=0
  register/stack: run=0.937 lower=2.138 load=3.162 steps=0.571 bytes=4.303

[R3] fibonacci (10 timed runs, value 144)
  stack    run=3.594ms lower=0.256ms load=0.424ms instrs=92 bytes=1618 steps=11850 peak-frames=1 peak-cont=11
  register run=4.071ms lower=0.446ms load=1.129ms instrs=53 bytes=7059 steps=6740 peak-frames=1 peak-cont=11
  register/stack: run=1.132 lower=1.739 load=2.661 steps=0.568 bytes=4.362

[R3] lexical-binding (50 timed runs, value 36)
  stack    run=0.459ms lower=0.238ms load=0.379ms instrs=92 bytes=1541 steps=84 peak-frames=8 peak-cont=0
  register run=1.841ms lower=0.428ms load=1.23ms instrs=55 bytes=7702 steps=46 peak-frames=8 peak-cont=0
  register/stack: run=4.008 lower=1.796 load=3.246 steps=0.547 bytes=4.998

[R3] corpus: literal map (50 timed runs, value {:x 10, :y 20})
  stack    run=0.128ms lower=0.006ms load=0.197ms instrs=2 bytes=128 steps=2 peak-frames=0 peak-cont=0
  register run=0.164ms lower=0.014ms load=0.153ms instrs=2 bytes=359 steps=2 peak-frames=0 peak-cont=0
  register/stack: run=1.276 lower=2.314 load=0.776 steps=1.0 bytes=2.804

[R3] corpus: addition (50 timed runs, value 30)
  stack    run=0.118ms lower=0.018ms load=0.12ms instrs=8 bytes=127 steps=8 peak-frames=0 peak-cont=0
  register run=0.201ms lower=0.052ms load=0.2ms instrs=5 bytes=614 steps=5 peak-frames=0 peak-cont=0
  register/stack: run=1.692 lower=2.821 load=1.656 steps=0.625 bytes=4.834

[R3] corpus: nested application (50 timed runs, value 6)
  stack    run=0.144ms lower=0.037ms load=0.135ms instrs=14 bytes=224 steps=14 peak-frames=0 peak-cont=0
  register run=0.243ms lower=0.062ms load=0.256ms instrs=8 bytes=1019 steps=8 peak-frames=0 peak-cont=0
  register/stack: run=1.683 lower=1.668 load=1.897 steps=0.571 bytes=4.549

[R3] corpus: if true branch (50 timed runs, value 100)
  stack    run=0.135ms lower=0.03ms load=0.18ms instrs=12 bytes=219 steps=11 peak-frames=0 peak-cont=0
  register run=0.231ms lower=0.056ms load=0.218ms instrs=9 bytes=942 steps=8 peak-frames=0 peak-cont=0
  register/stack: run=1.713 lower=1.837 load=1.209 steps=0.727 bytes=4.301

[R3] corpus: if false branch (50 timed runs, value 200)
  stack    run=0.139ms lower=0.03ms load=0.133ms instrs=12 bytes=219 steps=10 peak-frames=0 peak-cont=0
  register run=0.225ms lower=0.073ms load=0.232ms instrs=9 bytes=942 steps=7 peak-frames=0 peak-cont=0
  register/stack: run=1.622 lower=2.399 load=1.743 steps=0.7 bytes=4.301

[R3] corpus: lambda application (50 timed runs, value 11)
  stack    run=0.139ms lower=0.036ms load=0.136ms instrs=14 bytes=231 steps=14 peak-frames=1 peak-cont=1
  register run=0.247ms lower=0.062ms load=0.242ms instrs=9 bytes=1167 steps=9 peak-frames=1 peak-cont=1
  register/stack: run=1.768 lower=1.713 load=1.778 steps=0.642 bytes=5.051

[R3] corpus: closure value (50 timed runs, value {:type :closure, :arity 1})
  stack    run=0.107ms lower=0.01ms load=0.106ms instrs=4 bytes=72 steps=2 peak-frames=0 peak-cont=0
  register run=0.203ms lower=0.025ms load=0.237ms instrs=4 bytes=583 steps=2 peak-frames=0 peak-cont=0
  register/stack: run=1.899 lower=2.433 load=2.238 steps=1.0 bytes=8.097

[R3] corpus: higher order (50 timed runs, value 15)
  stack    run=0.18ms lower=0.053ms load=0.163ms instrs=20 bytes=335 steps=20 peak-frames=1 peak-cont=2
  register run=0.328ms lower=0.09ms load=0.339ms instrs=13 bytes=1720 steps=13 peak-frames=1 peak-cont=2
  register/stack: run=1.823 lower=1.675 load=2.084 steps=0.65 bytes=5.134

[R3] corpus: collection primitives (50 timed runs, value 9)
  stack    run=0.116ms lower=0.017ms load=0.112ms instrs=6 bytes=163 steps=6 peak-frames=0 peak-cont=0
  register run=0.172ms lower=0.028ms load=0.169ms instrs=4 bytes=567 steps=4 peak-frames=0 peak-cont=0
  register/stack: run=1.482 lower=1.58 load=1.509 steps=0.666 bytes=3.478

[R3 JFR Profiling Report]
  Stack VM JFR:    target/jfr/stack-vm-countdown.jfr (events=34424, samples=6, allocs=316)
  Register VM JFR: target/jfr/register-vm-countdown.jfr (events=34343, samples=17, allocs=256)

Testing yin.vm.debruijn-register-compile-test

Testing yin.vm.debruijn-register-contract-test

Testing yin.vm.debruijn-register-effects-test

Testing yin.vm.debruijn-resolve-test

Testing yin.vm.debruijn-test

Testing yin.vm.debruijn-vm-contract-test

Testing yin.vm.encoder-test

Testing yin.vm.engine-test

Testing yin.vm.ffi-test

Testing yin.vm.ledger-test

Testing yin.vm.linearize-test

Testing yin.vm.linker-authority-ingestion-test

Testing yin.vm.linker-authority-test

Testing yin.vm.linker-manifest-test

Testing yin.vm.linker-require-test

Testing yin.vm.linker-step-test

Testing yin.vm.linker-test

Testing yin.vm.macro-build-test

Testing yin.vm.macro-test

Testing yin.vm.mint-test

Testing yin.vm.module-test

Testing yin.vm.parity-test

Testing yin.vm.pipeline-test

Testing yin.vm.rule-r-test

Testing yin.vm.semantic-engine-test

Testing yin.vm.semantic-ffi-test

Testing yin.vm.semantic-stream-observer-test

Testing yin.vm.semantic-test

Testing yin.vm.store-write-audit-test

Testing yin.vm.telemetry-test

Testing yin.vm.ucf.remote-test

Testing yin.vm.ucf-test

Testing yin.vm-test

Ran 2279 tests containing 183279 assertions.
1 failures, 0 errors.
