Loading initial Timbre config from: :default

Running tests in #{"test"}
WARNING: load already refers to: #'clojure.core/load in namespace: yin.vm.encoder, being replaced by: #'yin.vm.encoder/load

Testing dao.await-test

Testing dao.data.btree-async-test

Testing dao.data.btree-durability-test

Testing dao.data.btree-protocols-test

Testing dao.data.btree-test

Testing dao.data.btree-transients-test

Testing dao.data-test

Testing dao.gui.compiler-test

Testing dao.gui.event.arena-test

Testing dao.gui.event.bind-test
"dao.gui.event output gone; dropping pending" {:destination :gesture, :outcome :dao.stream/closed}

Testing dao.gui.event.core-test

Testing dao.gui.event.fixture-test

Testing dao.gui.event.longpress-test

Testing dao.gui.event.machine-test

Testing dao.gui.event.pan-test

Testing dao.gui.event.pointer-test

Testing dao.gui.event.policy-test

Testing dao.gui.event.terminal-test

Testing dao.gui.event.transform-test

Testing dao.gui.runtime-test

Testing dao.jing.cbor-conformance-test
CONFORMANCE jvm cases=372 run=367 skipped=["coll/map-integer-width-duplicate" "coll/set-decimal-scale-collapse" "coll/set-signed-zero-collapse" "coll/set-vector-list-collapse" "num/js-unsafe-integer"]
CONFORMANCE-DIGEST jvm refusal n=154 1b929147af85f703c700a1f0d9cfbe74c55e5e28302a862086516fe749ec1b82
CONFORMANCE-DIGEST jvm canonical n=208 6d1c64719d96c11f79d575bd3122ad1bba1ba9efcc56dce63b195423575cf2cb

Testing dao.jing.cbor-content-equality-test

Testing dao.jing.cbor-fixtures-test

Testing dao.jing.cbor-test
SKIP jvm coll/set-signed-zero-collapse: host constructor merged the members (N/A; cbor-v1.errata.md E1)
SKIP jvm coll/set-decimal-scale-collapse: host constructor merged the members (N/A; cbor-v1.errata.md E1)
SKIP jvm coll/set-vector-list-collapse: host constructor merged the members (N/A; cbor-v1.errata.md E1)
SKIP jvm coll/map-integer-width-duplicate: host constructor merged the members (N/A; cbor-v1.errata.md E1)
SKIP jvm num/js-unsafe-integer: README Obligations: applies to Node only; N/A on JVM and Dart

Testing dao.jing.content.step-test

Testing dao.jing.content-test

Testing dao.jing.dht.facade-test

Testing dao.jing.dht.kad-test

Testing dao.jing.dht.socket-test

Testing dao.jing.dht-test

Testing dao.jing.file-test

Testing dao.jing.hash-registry-contract-test

Testing dao.jing.mem-test

Testing dao.jing.stream-test

Testing dao.jing-test

Testing dao.lease-composition-test

Testing dao.lease-test

Testing dao.postgraphics.lowering-test

Testing dao.postgraphics.math-test

Testing dao.postgraphics.packing-test

Testing dao.postgraphics.raster-test

Testing dao.postgraphics.terminal-test

Testing dao.pretty-test

Testing dao.space.dht-test

Testing dao.space.index-numeric-test

Testing dao.space.index-test

Testing dao.space.positional-query-test

Testing dao.space.query-numeric-test

Testing dao.space.query-test

Testing dao.space.schema-test

Testing dao.space.stigmergy-test

Testing dao.space.transact-test

Testing dao.space.transactor-test

Testing dao.stream.apply-test

Testing dao.stream.base64-test

Testing dao.stream.cbor-test

Testing dao.stream.chunks-test

Testing dao.stream.datagram.jvm-test

Testing dao.stream.datagram-test

Testing dao.stream.forward-test

Testing dao.stream.memory-log-test

Testing dao.stream.middleware-test

Testing dao.stream.observe-test

Testing dao.stream.observer-test

Testing dao.stream.remote-meet-test

Testing dao.stream.remote-pair-test

Testing dao.stream.remote-test

Testing dao.stream.ringbuffer-test

Testing dao.stream.rpc-test

Testing dao.stream.transit-test

Testing dao.stream.udp-raw-test

Testing dao.stream.udp-test

Testing dao.stream.waitset.cadence-test

Testing dao.stream.waitset.driver-test

Testing dao.stream.waitset-test

Testing dao.stream.ws.jvm-test

Testing dao.stream.ws-codec-test

Testing dao.stream.ws-project-cross-jvm-test
;; SKIPPED a-dart-dialer-reads-a-jvm-server: build/ws-project-peer is absent -- compile it first: clojure -M:cljd compile dao.stream.ws-project-peer && dart compile exe lib/cljd-out/dao/stream/ws-project-peer.dart -o build/ws-project-peer

Testing dao.stream.ws-project-jvm-test

Testing dao.stream.ws-project-test

Testing dao.stream.ws-test

Testing dao.stream-test

Testing datomworld.demo.artifact-runner-test

Testing datomworld.demo.artifact-scene-test

Testing datomworld.demo.continuation-handoff-test

Testing datomworld.demo.earth-moon-scene-test

Testing datomworld.demo.solar-system-scene-test

Testing datomworld.demo.voxel-controls-test

Testing datomworld.demo.voxel-input-test

Testing datomworld.demo.voxel-runner-test

Testing datomworld.demo.voxel-scene-test

Testing yang.clojure.stream-eval-test

Testing yang.clojure-test
FFI hello world

Testing yang.php-test

Testing yang.python.antlr.cst-export-test

Testing yang.python.antlr.e2e-c1-test

Testing yang.python.antlr.e2e-test

Testing yang.python.antlr.lower-portable-test

Testing yang.python.antlr.lower-test

Testing yang.python.antlr.prelude-parity-test

Testing yang.python.antlr.scope-test

Testing yang.python-test

Testing yin.repl.adapter-test

Testing yin.repl.ast-index-test

Testing yin.repl.ast-query-e2e-test

Testing yin.repl.build-test

Testing yin.repl.connect-test

Testing yin.repl.dht-process-test

FAIL in (a-module-published-by-name-is-required-by-name-across-processes) (dht_process_test.clj:810)
reader-b-node requires each module by name on all four VMs: my.lib evaluates; the store corpus evaluates on semantic, stack and register and the walker refuses it
[":ast-walker: (require (quote my.lib)) never answered ^(yin> )*'my\\.lib$ (1)"]
reader-b-node:
dht: binding 127.0.0.1:0 (ephemeral); peers 127.0.0.1:58043, 127.0.0.1:50248
dht: fetch-only — nothing this node holds is shared (--dht-publish shares it)
yin> dht: node 8f414781965b3d5c listening on 127.0.0.1:55205; peers: 127.0.0.1:58043, 127.0.0.1:50248; fetch-only
yin> dht: hydrated :segment/blake3-e50f20157dc26455cd5fb940388c558847f95bc36658f710c9d7ea9a3b9f2cf2 — 151 datoms, 5 blobs fetched; evaluation admitted
yin> Switched to ASTWalkerVM (VM store cleared; durable code index kept)
yin> ;; require pending: my.lib (link [:t0 1])); lines typed meanwhile run when it completes, (abandon) gives up

yin> dht: published :segment/blake3-7fc1abf8c2d4f377b16c6e7c56d856d93a1b892cbaa18a81fbbf3628ac597cf0 (5 blobs) — NOT acknowledged: publication is off — this node fetches only; start with --dht-publish to share; the local copy is durable
expected: (empty? failures)
  actual: (not (empty? [":ast-walker: (require (quote my.lib)) never answered ^(yin> )*'my\\.lib$ (1)"]))

FAIL in (a-module-published-by-name-is-required-by-name-across-processes) (dht_process_test.clj:813)
reader-b-node requires each module by name on all four VMs: my.lib evaluates; the store corpus evaluates on semantic, stack and register and the walker refuses it
reader-b-node:
dht: binding 127.0.0.1:0 (ephemeral); peers 127.0.0.1:58043, 127.0.0.1:50248
dht: fetch-only — nothing this node holds is shared (--dht-publish shares it)
yin> dht: node 8f414781965b3d5c listening on 127.0.0.1:55205; peers: 127.0.0.1:58043, 127.0.0.1:50248; fetch-only
yin> dht: hydrated :segment/blake3-e50f20157dc26455cd5fb940388c558847f95bc36658f710c9d7ea9a3b9f2cf2 — 151 datoms, 5 blobs fetched; evaluation admitted
yin> Switched to ASTWalkerVM (VM store cleared; durable code index kept)
yin> ;; require pending: my.lib (link [:t0 1])); lines typed meanwhile run when it completes, (abandon) gives up

yin> dht: published :segment/blake3-7fc1abf8c2d4f377b16c6e7c56d856d93a1b892cbaa18a81fbbf3628ac597cf0 (5 blobs) — NOT acknowledged: publication is off — this node fetches only; start with --dht-publish to share; the local copy is durable
expected: (= 1 (count (filter (fn* [p1__69457#] (re-find #"Module link refused" p1__69457#)) (clojure.core/deref (:lines p)))))
  actual: (not (= 1 0))

Testing yin.repl.dht-test

Testing yin.repl.driver-test

Testing yin.repl.embed-test

Testing yin.repl.host.jvm-test

Testing yin.repl.index-test

Testing yin.repl.main-test
Bye


Testing yin.repl.query-test

Testing yin.repl.require-test

Testing yin.repl.serve-connect-wire-test

Testing yin.repl.serve-test

Testing yin.repl.store-test

Testing yin.repl-test

Testing yin.vm.ast-walker-test

Testing yin.vm.attach-image-test

Testing yin.vm.cell-test

Testing yin.vm.code-test

Testing yin.vm.completion-test

Testing yin.vm.continuation-invoke-test

Testing yin.vm.data-test

Testing yin.vm.debruijn.register-test

Testing yin.vm.debruijn.stack-effects-test

Testing yin.vm.debruijn.stack-parity-test

Testing yin.vm.debruijn.stack-test

Testing yin.vm.debruijn-code-test

Testing yin.vm.debruijn-linearize-test

Testing yin.vm.debruijn-register-benchmark-test

[R3] de Bruijn stack VM vs register VM (informational)

[R3] tail-countdown (10 timed runs, value 0)
  stack    run=5.198ms lower=0.171ms load=0.35ms instrs=56 bytes=998 steps=10518 peak-frames=1 peak-cont=0
  register run=5.326ms lower=0.243ms load=0.756ms instrs=35 bytes=4295 steps=6012 peak-frames=1 peak-cont=0
  register/stack: run=1.024 lower=1.419 load=2.16 steps=0.571 bytes=4.303

[R3] fibonacci (10 timed runs, value 144)
  stack    run=4.948ms lower=0.238ms load=0.478ms instrs=92 bytes=1618 steps=11850 peak-frames=1 peak-cont=11
  register run=5.931ms lower=0.388ms load=1.148ms instrs=53 bytes=7059 steps=6740 peak-frames=1 peak-cont=11
  register/stack: run=1.198 lower=1.625 load=2.401 steps=0.568 bytes=4.362

[R3] lexical-binding (50 timed runs, value 36)
  stack    run=0.483ms lower=0.225ms load=0.495ms instrs=92 bytes=1541 steps=84 peak-frames=8 peak-cont=0
  register run=1.246ms lower=0.387ms load=1.214ms instrs=55 bytes=7702 steps=46 peak-frames=8 peak-cont=0
  register/stack: run=2.577 lower=1.717 load=2.447 steps=0.547 bytes=4.998

[R3] corpus: literal map (50 timed runs, value {:x 10, :y 20})
  stack    run=0.154ms lower=0.006ms load=0.149ms instrs=2 bytes=128 steps=2 peak-frames=0 peak-cont=0
  register run=0.182ms lower=0.012ms load=0.187ms instrs=2 bytes=359 steps=2 peak-frames=0 peak-cont=0
  register/stack: run=1.187 lower=1.939 load=1.25 steps=1.0 bytes=2.804

[R3] corpus: addition (50 timed runs, value 30)
  stack    run=0.165ms lower=0.02ms load=0.327ms instrs=8 bytes=127 steps=8 peak-frames=0 peak-cont=0
  register run=0.215ms lower=0.034ms load=0.216ms instrs=5 bytes=614 steps=5 peak-frames=0 peak-cont=0
  register/stack: run=1.302 lower=1.684 load=0.661 steps=0.625 bytes=4.834

[R3] corpus: nested application (50 timed runs, value 6)
  stack    run=0.176ms lower=0.036ms load=0.169ms instrs=14 bytes=224 steps=14 peak-frames=0 peak-cont=0
  register run=0.278ms lower=0.058ms load=0.315ms instrs=8 bytes=1019 steps=8 peak-frames=0 peak-cont=0
  register/stack: run=1.578 lower=1.614 load=1.865 steps=0.571 bytes=4.549

[R3] corpus: if true branch (50 timed runs, value 100)
  stack    run=0.175ms lower=0.036ms load=0.172ms instrs=12 bytes=219 steps=11 peak-frames=0 peak-cont=0
  register run=0.269ms lower=0.05ms load=0.252ms instrs=9 bytes=942 steps=8 peak-frames=0 peak-cont=0
  register/stack: run=1.541 lower=1.384 load=1.467 steps=0.727 bytes=4.301

[R3] corpus: if false branch (50 timed runs, value 200)
  stack    run=0.179ms lower=0.032ms load=0.172ms instrs=12 bytes=219 steps=10 peak-frames=0 peak-cont=0
  register run=0.292ms lower=0.049ms load=0.258ms instrs=9 bytes=942 steps=7 peak-frames=0 peak-cont=0
  register/stack: run=1.625 lower=1.52 load=1.495 steps=0.7 bytes=4.301

[R3] corpus: lambda application (50 timed runs, value 11)
  stack    run=0.185ms lower=0.037ms load=0.201ms instrs=14 bytes=231 steps=14 peak-frames=1 peak-cont=1
  register run=0.295ms lower=0.056ms load=0.301ms instrs=9 bytes=1167 steps=9 peak-frames=1 peak-cont=1
  register/stack: run=1.593 lower=1.501 load=1.494 steps=0.642 bytes=5.051

[R3] corpus: closure value (50 timed runs, value {:type :closure, :arity 1})
  stack    run=0.142ms lower=0.011ms load=0.15ms instrs=4 bytes=72 steps=2 peak-frames=0 peak-cont=0
  register run=0.209ms lower=0.02ms load=0.211ms instrs=4 bytes=583 steps=2 peak-frames=0 peak-cont=0
  register/stack: run=1.466 lower=1.827 load=1.407 steps=1.0 bytes=8.097

[R3] corpus: higher order (50 timed runs, value 15)
  stack    run=0.205ms lower=0.053ms load=0.193ms instrs=20 bytes=335 steps=20 peak-frames=1 peak-cont=2
  register run=0.37ms lower=0.082ms load=0.351ms instrs=13 bytes=1720 steps=13 peak-frames=1 peak-cont=2
  register/stack: run=1.803 lower=1.535 load=1.815 steps=0.65 bytes=5.134

[R3] corpus: collection primitives (50 timed runs, value 9)
  stack    run=0.158ms lower=0.097ms load=0.154ms instrs=6 bytes=163 steps=6 peak-frames=0 peak-cont=0
  register run=0.234ms lower=0.026ms load=0.209ms instrs=4 bytes=567 steps=4 peak-frames=0 peak-cont=0
  register/stack: run=1.477 lower=0.269 load=1.351 steps=0.666 bytes=3.478

[R3 JFR Profiling Report]
  Stack VM JFR:    target/jfr/stack-vm-countdown.jfr (events=41413, samples=26, allocs=340)
  Register VM JFR: target/jfr/register-vm-countdown.jfr (events=40641, samples=13, allocs=164)

Testing yin.vm.debruijn-register-compile-test

Testing yin.vm.debruijn-register-contract-test

Testing yin.vm.debruijn-register-effects-test

Testing yin.vm.debruijn-resolve-test

Testing yin.vm.debruijn-test

Testing yin.vm.debruijn-vm-contract-test

Testing yin.vm.effect-forgery-test

Testing yin.vm.encoder-test

Testing yin.vm.engine-test

Testing yin.vm.ffi.remote-serve.responder-test

Testing yin.vm.ffi.remote-serve-test

Testing yin.vm.ffi-test

Testing yin.vm.heap-reclamation-test

Testing yin.vm.host-typed-values-test

Testing yin.vm.ledger-test

Testing yin.vm.linearize-test

Testing yin.vm.linker.closure-test

Testing yin.vm.linker.dht-end-to-end-test

Testing yin.vm.linker.dht-test

Testing yin.vm.linker.publish-test

Testing yin.vm.linker.sign-test

Testing yin.vm.linker-authority-ingestion-test

Testing yin.vm.linker-authority-test

Testing yin.vm.linker-manifest-test

Testing yin.vm.linker-require-test

Testing yin.vm.linker-step-test

Testing yin.vm.linker-test

Testing yin.vm.macro-build-test

Testing yin.vm.macro-test

Testing yin.vm.mint-test

Testing yin.vm.module-test

Testing yin.vm.parity-test

Testing yin.vm.pipeline-test

Testing yin.vm.rule-r-test

Testing yin.vm.semantic-engine-test

Testing yin.vm.semantic-ffi-test

Testing yin.vm.semantic-stream-observer-test

Testing yin.vm.semantic-test

Testing yin.vm.store-write-audit-test

Testing yin.vm.telemetry-test

Testing yin.vm.ucf.remote-test

Testing yin.vm.ucf-test

Testing yin.vm-test

Ran 2839 tests containing 225791 assertions.
2 failures, 0 errors.
clj exit 1
