Loading initial Timbre config from: :default

Running tests in #{"test"}
WARNING: load already refers to: #'clojure.core/load in namespace: yin.vm.encoder, being replaced by: #'yin.vm.encoder/load

Testing dao.await-test

Testing dao.data.btree-async-test

Testing dao.data.btree-durability-test

Testing dao.data.btree-protocols-test

Testing dao.data.btree-test

Testing dao.data.btree-transients-test

Testing dao.data-test

Testing dao.gui.compiler-test

Testing dao.gui.event.arena-test

Testing dao.gui.event.bind-test
"dao.gui.event output gone; dropping pending" {:destination :gesture, :outcome :dao.stream/closed}

Testing dao.gui.event.core-test

Testing dao.gui.event.fixture-test

Testing dao.gui.event.longpress-test

Testing dao.gui.event.machine-test

Testing dao.gui.event.pan-test

Testing dao.gui.event.pointer-test

Testing dao.gui.event.policy-test

Testing dao.gui.event.terminal-test

Testing dao.gui.event.transform-test

Testing dao.gui.runtime-test

Testing dao.jing.cbor-conformance-test
CONFORMANCE jvm cases=372 run=367 skipped=["coll/map-integer-width-duplicate" "coll/set-decimal-scale-collapse" "coll/set-signed-zero-collapse" "coll/set-vector-list-collapse" "num/js-unsafe-integer"]
CONFORMANCE-DIGEST jvm refusal n=154 1b929147af85f703c700a1f0d9cfbe74c55e5e28302a862086516fe749ec1b82
CONFORMANCE-DIGEST jvm canonical n=208 6d1c64719d96c11f79d575bd3122ad1bba1ba9efcc56dce63b195423575cf2cb

Testing dao.jing.cbor-content-equality-test

Testing dao.jing.cbor-fixtures-test

Testing dao.jing.cbor-test
SKIP jvm coll/set-signed-zero-collapse: host constructor merged the members (N/A; cbor-v1.errata.md E1)
SKIP jvm coll/set-decimal-scale-collapse: host constructor merged the members (N/A; cbor-v1.errata.md E1)
SKIP jvm coll/set-vector-list-collapse: host constructor merged the members (N/A; cbor-v1.errata.md E1)
SKIP jvm coll/map-integer-width-duplicate: host constructor merged the members (N/A; cbor-v1.errata.md E1)
SKIP jvm num/js-unsafe-integer: README Obligations: applies to Node only; N/A on JVM and Dart

Testing dao.jing.content.step-test

Testing dao.jing.content-test

Testing dao.jing.dht.kad-test

Testing dao.jing.dht.node-test

Testing dao.jing.dht-test

Testing dao.jing.file-test

Testing dao.jing.hash-registry-contract-test

Testing dao.jing.mem-test

Testing dao.jing.stream-test

Testing dao.jing-test

Testing dao.lease-composition-test

Testing dao.lease-test

Testing dao.postgraphics.lowering-test

Testing dao.postgraphics.math-test

Testing dao.postgraphics.packing-test

Testing dao.postgraphics.raster-test

Testing dao.postgraphics.terminal-test

Testing dao.pretty-test

Testing dao.space.index-numeric-test

Testing dao.space.index-test

Testing dao.space.positional-query-test

Testing dao.space.query-numeric-test

Testing dao.space.query-test

Testing dao.space.schema-test

Testing dao.space.stigmergy-test

Testing dao.space.transact-test

Testing dao.space.transactor-test

Testing dao.stream.apply-test

Testing dao.stream.cbor-test

Testing dao.stream.forward-test

Testing dao.stream.memory-log-test

Testing dao.stream.middleware-test

Testing dao.stream.observe-test

Testing dao.stream.observer-test

Testing dao.stream.remote-meet-test

Testing dao.stream.remote-pair-test

Testing dao.stream.remote-test

Testing dao.stream.ringbuffer-test

Testing dao.stream.rpc-test

Testing dao.stream.transit-test

Testing dao.stream.udp.jvm-test

Testing dao.stream.udp-test

Testing dao.stream.waitset.cadence-test

Testing dao.stream.waitset.driver-test

Testing dao.stream.waitset-test

Testing dao.stream.ws.jvm-test

Testing dao.stream.ws-codec-test

Testing dao.stream.ws-project-cross-jvm-test
;; SKIPPED a-dart-dialer-reads-a-jvm-server: build/ws-project-peer is absent -- compile it first: clojure -M:cljd compile dao.stream.ws-project-peer && dart compile exe lib/cljd-out/dao/stream/ws-project-peer.dart -o build/ws-project-peer

Testing dao.stream.ws-project-jvm-test

Testing dao.stream.ws-project-test

Testing dao.stream.ws-test

Testing dao.stream-test

Testing datomworld.demo.artifact-runner-test

Testing datomworld.demo.artifact-scene-test

Testing datomworld.demo.continuation-handoff-test

Testing datomworld.demo.earth-moon-scene-test

Testing datomworld.demo.solar-system-scene-test

Testing datomworld.demo.voxel-controls-test

Testing datomworld.demo.voxel-input-test

Testing datomworld.demo.voxel-runner-test

Testing datomworld.demo.voxel-scene-test

Testing yang.clojure.stream-eval-test

Testing yang.clojure-test
FFI hello world

Testing yang.php-test

Testing yang.python-test

Testing yin.repl.adapter-test

Testing yin.repl.build-test

Testing yin.repl.connect-test

Testing yin.repl.driver-test

Testing yin.repl.embed-test

Testing yin.repl.host.jvm-test

Testing yin.repl.main-test

FAIL in (a-dart-client-attaches-to-this-jvm-server) (main_test.cljc:717)
the wire round trip must not depend on the client's host
expected: (= "42" (remote-value peer "(+ 40 2)"))
  actual: (not (= "42" nil))

FAIL in (a-dart-client-attaches-to-this-jvm-server) (main_test.cljc:576)
the request never became outstanding, so the drop would prove nothing
expected: (some? (await-outstanding peer event-ms))
  actual: (not (some? nil))

FAIL in (a-dart-client-attaches-to-this-jvm-server) (main_test.cljc:721)
the loss report crosses the wire too
expected: (some? (await-event peer (text-starts-with ";; remote request") event-ms))
  actual: (not (some? nil))
Bye


Testing yin.repl.require-test

Testing yin.repl.serve-connect-wire-test

Testing yin.repl.serve-test

Testing yin.repl-test

Testing yin.vm.ast-walker-test

Testing yin.vm.attach-image-test

Testing yin.vm.code-test

Testing yin.vm.completion-test

Testing yin.vm.debruijn.register-test

Testing yin.vm.debruijn.stack-effects-test

Testing yin.vm.debruijn.stack-parity-test

Testing yin.vm.debruijn.stack-test

Testing yin.vm.debruijn-code-test

Testing yin.vm.debruijn-linearize-test

Testing yin.vm.debruijn-register-benchmark-test

[R3] de Bruijn stack VM vs register VM (informational)

[R3] tail-countdown (10 timed runs, value 0)
  stack    run=4.703ms lower=0.164ms load=0.292ms instrs=56 bytes=998 steps=10518 peak-frames=1 peak-cont=0
  register run=4.22ms lower=0.279ms load=0.838ms instrs=35 bytes=4295 steps=6012 peak-frames=1 peak-cont=0
  register/stack: run=0.897 lower=1.696 load=2.869 steps=0.571 bytes=4.303

[R3] fibonacci (10 timed runs, value 144)
  stack    run=3.493ms lower=0.233ms load=0.383ms instrs=92 bytes=1618 steps=11850 peak-frames=1 peak-cont=11
  register run=4.392ms lower=0.389ms load=1.138ms instrs=53 bytes=7059 steps=6740 peak-frames=1 peak-cont=11
  register/stack: run=1.257 lower=1.667 load=2.966 steps=0.568 bytes=4.362

[R3] lexical-binding (50 timed runs, value 36)
  stack    run=0.377ms lower=0.23ms load=0.362ms instrs=92 bytes=1541 steps=84 peak-frames=8 peak-cont=0
  register run=1.232ms lower=0.419ms load=1.128ms instrs=55 bytes=7702 steps=46 peak-frames=8 peak-cont=0
  register/stack: run=3.262 lower=1.818 load=3.109 steps=0.547 bytes=4.998

[R3] corpus: literal map (50 timed runs, value {:x 10, :y 20})
  stack    run=0.112ms lower=0.005ms load=0.116ms instrs=2 bytes=128 steps=2 peak-frames=0 peak-cont=0
  register run=0.151ms lower=0.013ms load=0.144ms instrs=2 bytes=359 steps=2 peak-frames=0 peak-cont=0
  register/stack: run=1.341 lower=2.346 load=1.242 steps=1.0 bytes=2.804

[R3] corpus: addition (50 timed runs, value 30)
  stack    run=0.117ms lower=0.019ms load=0.112ms instrs=8 bytes=127 steps=8 peak-frames=0 peak-cont=0
  register run=0.185ms lower=0.04ms load=0.194ms instrs=5 bytes=614 steps=5 peak-frames=0 peak-cont=0
  register/stack: run=1.582 lower=2.08 load=1.728 steps=0.625 bytes=4.834

[R3] corpus: nested application (50 timed runs, value 6)
  stack    run=0.129ms lower=0.033ms load=0.133ms instrs=14 bytes=224 steps=14 peak-frames=0 peak-cont=0
  register run=0.244ms lower=0.059ms load=0.249ms instrs=8 bytes=1019 steps=8 peak-frames=0 peak-cont=0
  register/stack: run=1.88 lower=1.775 load=1.87 steps=0.571 bytes=4.549

[R3] corpus: if true branch (50 timed runs, value 100)
  stack    run=0.129ms lower=0.031ms load=0.129ms instrs=12 bytes=219 steps=11 peak-frames=0 peak-cont=0
  register run=0.227ms lower=0.063ms load=0.224ms instrs=9 bytes=942 steps=8 peak-frames=0 peak-cont=0
  register/stack: run=1.753 lower=2.024 load=1.728 steps=0.727 bytes=4.301

[R3] corpus: if false branch (50 timed runs, value 200)
  stack    run=0.144ms lower=0.03ms load=0.138ms instrs=12 bytes=219 steps=10 peak-frames=0 peak-cont=0
  register run=0.228ms lower=0.062ms load=0.216ms instrs=9 bytes=942 steps=7 peak-frames=0 peak-cont=0
  register/stack: run=1.578 lower=2.031 load=1.565 steps=0.7 bytes=4.301

[R3] corpus: lambda application (50 timed runs, value 11)
  stack    run=0.224ms lower=0.034ms load=0.132ms instrs=14 bytes=231 steps=14 peak-frames=1 peak-cont=1
  register run=0.258ms lower=0.064ms load=0.262ms instrs=9 bytes=1167 steps=9 peak-frames=1 peak-cont=1
  register/stack: run=1.153 lower=1.862 load=1.985 steps=0.642 bytes=5.051

[R3] corpus: closure value (50 timed runs, value {:type :closure, :arity 1})
  stack    run=0.108ms lower=0.009ms load=0.107ms instrs=4 bytes=72 steps=2 peak-frames=0 peak-cont=0
  register run=0.174ms lower=0.024ms load=0.18ms instrs=4 bytes=583 steps=2 peak-frames=0 peak-cont=0
  register/stack: run=1.602 lower=2.47 load=1.676 steps=1.0 bytes=8.097

[R3] corpus: higher order (50 timed runs, value 15)
  stack    run=0.155ms lower=0.048ms load=0.144ms instrs=20 bytes=335 steps=20 peak-frames=1 peak-cont=2
  register run=0.314ms lower=0.082ms load=0.306ms instrs=13 bytes=1720 steps=13 peak-frames=1 peak-cont=2
  register/stack: run=2.018 lower=1.688 load=2.122 steps=0.65 bytes=5.134

[R3] corpus: collection primitives (50 timed runs, value 9)
  stack    run=0.114ms lower=0.015ms load=0.111ms instrs=6 bytes=163 steps=6 peak-frames=0 peak-cont=0
  register run=0.167ms lower=0.027ms load=0.161ms instrs=4 bytes=567 steps=4 peak-frames=0 peak-cont=0
  register/stack: run=1.465 lower=1.831 load=1.455 steps=0.666 bytes=3.478

[R3 JFR Profiling Report]
  Stack VM JFR:    target/jfr/stack-vm-countdown.jfr (events=34893, samples=20, allocs=314)
  Register VM JFR: target/jfr/register-vm-countdown.jfr (events=34936, samples=9, allocs=194)

Testing yin.vm.debruijn-register-compile-test

Testing yin.vm.debruijn-register-contract-test

Testing yin.vm.debruijn-register-effects-test

Testing yin.vm.debruijn-resolve-test

Testing yin.vm.debruijn-test

Testing yin.vm.debruijn-vm-contract-test

Testing yin.vm.encoder-test

Testing yin.vm.engine-test

Testing yin.vm.ffi-test

Testing yin.vm.ledger-test

Testing yin.vm.linearize-test

Testing yin.vm.linker-authority-ingestion-test

Testing yin.vm.linker-authority-test

Testing yin.vm.linker-manifest-test

Testing yin.vm.linker-require-test

Testing yin.vm.linker-step-test

Testing yin.vm.linker-test

Testing yin.vm.macro-build-test

Testing yin.vm.macro-test

Testing yin.vm.mint-test

Testing yin.vm.module-test

Testing yin.vm.parity-test

Testing yin.vm.pipeline-test

Testing yin.vm.rule-r-test

Testing yin.vm.semantic-engine-test

Testing yin.vm.semantic-ffi-test

Testing yin.vm.semantic-stream-observer-test

Testing yin.vm.semantic-test

Testing yin.vm.store-write-audit-test

Testing yin.vm.telemetry-test

Testing yin.vm.ucf.remote-test

Testing yin.vm.ucf-test

Testing yin.vm-test

Ran 2272 tests containing 183208 assertions.
3 failures, 0 errors.
